[2026-08-11 18:03:16 UTC] === СТАРТ. окон всего 8147, уже сделано 0, к работе 8147 ===
[2026-08-11 18:03:16 UTC] свободно на диске 29.5 ГБ, пауза 0.4 с, стоп-флаг /var/lib/github_export/backfill.STOP
[2026-08-11 18:03:18 UTC] 1/8147 | BTCUSDT 2026-08-11: +2168 свечей (прогнозов ждало 7) | всего +2168 | темп 2049 окон/ч, осталось ~4.0 ч | диск 29.5 ГБ
[2026-08-11 18:03:20 UTC] 2/8147 | ADAUSDT 2026-08-11: +2168 свечей (прогнозов ждало 8) | всего +4336 | темп 1916 окон/ч, осталось ~4.3 ч | диск 29.5 ГБ
[2026-08-11 18:03:22 UTC] 3/8147 | DOGEUSDT 2026-08-11: +2168 свечей (прогнозов ждало 1) | всего +6504 | темп 1827 окон/ч, осталось ~4.5 ч | диск 29.5 ГБ
[2026-08-11 18:03:24 UTC] 4/8147 | AVAXUSDT 2026-08-11: +2168 свечей (прогнозов ждало 1) | всего +8672 | темп 1787 окон/ч, осталось ~4.6 ч | диск 29.5 ГБ
[2026-08-11 18:03:27 UTC] 5/8147 | XLMUSDT 2026-08-11: +2168 свечей (прогнозов ждало 1) | всего +10840 | темп 1759 окон/ч, осталось ~4.6 ч | диск 29.5 ГБ
[2026-08-11 18:03:29 UTC] 6/8147 | WLDUSDT 2026-08-11: +2168 свечей (прогнозов ждало 1) | всего +13008 | темп 1754 окон/ч, осталось ~4.6 ч | диск 29.5 ГБ
[2026-08-11 18:03:34 UTC] 9/8147 | UNIUSDT 2026-08-11: +2168 свечей (прогнозов ждало 1) | всего +16260 | темп 1847 окон/ч, осталось ~4.4 ч | диск 29.5 ГБ
[2026-08-11 18:03:36 UTC] 10/8147 | ARBUSDT 2026-08-11: +2168 свечей (прогнозов ждало 1) | всего +18428 | темп 1839 окон/ч, осталось ~4.4 ч | диск 29.5 ГБ
[2026-08-11 18:03:38 UTC] 11/8147 | KAVAUSDT 2026-08-11: +2168 свечей (прогнозов ждало 1) | всего +20596 | темп 1832 окон/ч, осталось ~4.4 ч | диск 29.5 ГБ
[2026-08-11 18:03:40 UTC] 12/8147 | GRASSUSDT 2026-08-11: +2168 свечей (прогнозов ждало 1) | всего +22764 | темп 1826 окон/ч, осталось ~4.5 ч | диск 29.5 ГБ
[2026-08-11 18:03:42 UTC] 13/8147 | LDOUSDT 2026-08-11: +2168 свечей (прогнозов ждало 1) | всего +24932 | темп 1824 окон/ч, осталось ~4.5 ч | диск 29.5 ГБ
[2026-08-11 18:03:45 UTC] 14/8147 | BCHUSDT 2026-08-11: +2168 свечей (прогнозов ждало 1) | всего +27100 | темп 1768 окон/ч, осталось ~4.6 ч | диск 29.5 ГБ
[2026-08-11 18:03:47 UTC] 15/8147 | IDUSDT 2026-08-11: +2168 свечей (прогнозов ждало 1) | всего +29268 | темп 1768 окон/ч, осталось ~4.6 ч | диск 29.5 ГБ
[2026-08-11 18:03:50 UTC] 16/8147 | GMTUSDT 2026-08-11: +2168 свечей (прогнозов ждало 1) | всего +31436 | темп 1734 окон/ч, осталось ~4.7 ч | диск 29.5 ГБ
[2026-08-11 18:03:52 UTC] 17/8147 | FILUSDT 2026-08-11: +2168 свечей (прогнозов ждало 1) | всего +33604 | темп 1712 окон/ч, осталось ~4.7 ч | диск 29.5 ГБ
[2026-08-11 18:03:54 UTC] 18/8147 | POLUSDT 2026-08-11: +2168 свечей (прогнозов ждало 1) | всего +35772 | темп 1713 окон/ч, осталось ~4.7 ч | диск 29.5 ГБ
[2026-08-11 18:03:57 UTC] 19/8147 | ETHFIUSDT 2026-08-11: +2168 свечей (прогнозов ждало 1) | всего +37940 | темп 1701 окон/ч, осталось ~4.8 ч | диск 29.5 ГБ
[2026-08-11 18:03:59 UTC] 20/8147 | INJUSDT 2026-08-11: +2168 свечей (прогнозов ждало 2) | всего +40108 | темп 1691 окон/ч, осталось ~4.8 ч | диск 29.5 ГБ
[2026-08-11 18:04:01 UTC] 21/8147 | BANDUSDT 2026-08-11: +2168 свечей (прогнозов ждало 6) | всего +42276 | темп 1696 окон/ч, осталось ~4.8 ч | диск 29.5 ГБ
[2026-08-11 18:04:03 UTC] 22/8147 | VELVETUSDT 2026-08-11: +2170 свечей (прогнозов ждало 1) | всего +44446 | темп 1699 окон/ч, осталось ~4.8 ч | диск 29.5 ГБ
[2026-08-11 18:04:05 UTC] 23/8147 | SEIUSDT 2026-08-11: +2170 свечей (прогнозов ждало 1) | всего +46616 | темп 1693 окон/ч, осталось ~4.8 ч | диск 29.5 ГБ
[2026-08-11 18:04:09 UTC] 25/8147 | ORDIUSDT 2026-08-11: +2170 свечей (прогнозов ждало 1) | всего +49871 | темп 1704 окон/ч, осталось ~4.8 ч | диск 29.5 ГБ
[2026-08-11 18:04:11 UTC] 26/8147 | ZENUSDT 2026-08-11: +2170 свечей (прогнозов ждало 1) | всего +52041 | темп 1702 окон/ч, осталось ~4.8 ч | диск 29.5 ГБ
[2026-08-11 18:04:13 UTC] 27/8147 | ACHUSDT 2026-08-11: +2170 свечей (прогнозов ждало 1) | всего +54211 | темп 1706 окон/ч, осталось ~4.8 ч | диск 29.5 ГБ
[2026-08-11 18:04:18 UTC] 29/8147 | PYTHUSDT 2026-08-11: +2170 свечей (прогнозов ждало 1) | всего +57466 | темп 1697 окон/ч, осталось ~4.8 ч | диск 29.5 ГБ
[2026-08-11 18:04:20 UTC] 30/8147 | CHRUSDT 2026-08-11: +2170 свечей (прогнозов ждало 1) | всего +59636 | темп 1690 окон/ч, осталось ~4.8 ч | диск 29.5 ГБ
[2026-08-11 18:04:22 UTC] 31/8147 | LPTUSDT 2026-08-11: +2170 свечей (прогнозов ждало 1) | всего +61806 | темп 1693 окон/ч, осталось ~4.8 ч | диск 29.5 ГБ
[2026-08-11 18:04:24 UTC] 32/8147 | RSRUSDT 2026-08-11: +2170 свечей (прогнозов ждало 1) | всего +63976 | темп 1696 окон/ч, осталось ~4.8 ч | диск 29.5 ГБ
[2026-08-11 18:04:27 UTC] 33/8147 | UAIUSDT 2026-08-11: +2170 свечей (прогнозов ждало 1) | всего +66146 | темп 1693 окон/ч, осталось ~4.8 ч | диск 29.5 ГБ
[2026-08-11 18:04:29 UTC] 34/8147 | CYSUSDT 2026-08-11: +2170 свечей (прогнозов ждало 1) | всего +68316 | темп 1682 окон/ч, осталось ~4.8 ч | диск 29.5 ГБ
[2026-08-11 18:04:33 UTC] 36/8147 | BEATUSDT 2026-08-11: +2170 свечей (прогнозов ждало 1) | всего +71571 | темп 1700 окон/ч, осталось ~4.8 ч | диск 29.5 ГБ
[2026-08-11 18:04:35 UTC] 37/8147 | XMRUSDT 2026-08-11: +2170 свечей (прогнозов ждало 1) | всего +73741 | темп 1702 окон/ч, осталось ~4.8 ч | диск 29.5 ГБ
[2026-08-11 18:04:37 UTC] 38/8147 | EPICUSDT 2026-08-11: +2170 свечей (прогнозов ждало 1) | всего +75911 | темп 1703 окон/ч, осталось ~4.8 ч | диск 29.5 ГБ
[2026-08-11 18:04:39 UTC] 39/8147 | GIGGLEUSDT 2026-08-11: +2170 свечей (прогнозов ждало 1) | всего +78081 | темп 1705 окон/ч, осталось ~4.8 ч | диск 29.5 ГБ
[2026-08-11 18:04:41 UTC] 40/8147 | SIRENUSDT 2026-08-11: +2170 свечей (прогнозов ждало 1) | всего +80251 | темп 1706 окон/ч, осталось ~4.8 ч | диск 29.5 ГБ
[2026-08-11 18:04:48 UTC] 44/8147 | INXUSDT 2026-08-11: +2170 свечей (прогнозов ждало 1) | всего +85676 | темп 1733 окон/ч, осталось ~4.7 ч | диск 29.5 ГБ
[2026-08-11 18:04:51 UTC] 45/8147 | CAPUSDT 2026-08-11: +2170 свечей (прогнозов ждало 1) | всего +87846 | темп 1722 окон/ч, осталось ~4.7 ч | диск 29.5 ГБ
[2026-08-11 18:04:53 UTC] 46/8147 | SOLUSDT 2026-08-10: +2880 свечей (прогнозов ждало 3) | всего +90726 | темп 1719 окон/ч, осталось ~4.7 ч | диск 29.5 ГБ
[2026-08-11 18:04:55 UTC] 47/8147 | XRPUSDT 2026-08-10: +2880 свечей (прогнозов ждало 1) | всего +93606 | темп 1715 окон/ч, осталось ~4.7 ч | диск 29.5 ГБ
[2026-08-11 18:04:58 UTC] 48/8147 | AVAXUSDT 2026-08-10: +2880 свечей (прогнозов ждало 1) | всего +96486 | темп 1708 окон/ч, осталось ~4.7 ч | диск 29.5 ГБ
[2026-08-11 18:05:00 UTC] 49/8147 | CRVUSDT 2026-08-10: +2880 свечей (прогнозов ждало 2) | всего +99366 | темп 1707 окон/ч, осталось ~4.7 ч | диск 29.5 ГБ
[2026-08-11 18:05:02 UTC] 50/8147 | ZROUSDT 2026-08-10: +2880 свечей (прогнозов ждало 2) | всего +102246 | темп 1705 окон/ч, осталось ~4.8 ч | диск 29.5 ГБ
[2026-08-11 18:05:06 UTC] 52/8147 | ENAUSDT 2026-08-10: +2880 свечей (прогнозов ждало 1) | всего +106566 | темп 1709 окон/ч, осталось ~4.7 ч | диск 29.5 ГБ
[2026-08-11 18:05:08 UTC] 53/8147 | BICOUSDT 2026-08-10: +2880 свечей (прогнозов ждало 1) | всего +109446 | темп 1705 окон/ч, осталось ~4.7 ч | диск 29.5 ГБ
[2026-08-11 18:05:11 UTC] 54/8147 | SUIUSDT 2026-08-10: +2880 свечей (прогнозов ждало 1) | всего +112326 | темп 1703 окон/ч, осталось ~4.8 ч | диск 29.5 ГБ
[2026-08-11 18:05:13 UTC] 55/8147 | VIRTUALUSDT 2026-08-10: +2880 свечей (прогнозов ждало 1) | всего +115206 | темп 1702 окон/ч, осталось ~4.8 ч | диск 29.5 ГБ
[2026-08-11 18:05:15 UTC] 56/8147 | HOMEUSDT 2026-08-10: +2880 свечей (прогнозов ждало 5) | всего +118086 | темп 1700 окон/ч, осталось ~4.8 ч | диск 29.5 ГБ
[2026-08-11 18:05:17 UTC] 57/8147 | HYPEUSDT 2026-08-10: +2880 свечей (прогнозов ждало 2) | всего +120966 | темп 1698 окон/ч, осталось ~4.8 ч | диск 29.5 ГБ
[2026-08-11 18:05:19 UTC] 58/8147 | YGGUSDT 2026-08-10: +2880 свечей (прогнозов ждало 1) | всего +123846 | темп 1698 окон/ч, осталось ~4.8 ч | диск 29.5 ГБ
[2026-08-11 18:05:22 UTC] 59/8147 | FARTCOINUSDT 2026-08-10: +2880 свечей (прогнозов ждало 1) | всего +126726 | темп 1697 окон/ч, осталось ~4.8 ч | диск 29.5 ГБ
[2026-08-11 18:05:24 UTC] 60/8147 | SUSHIUSDT 2026-08-10: +2880 свечей (прогнозов ждало 1) | всего +129606 | темп 1696 окон/ч, осталось ~4.8 ч | диск 29.5 ГБ
[2026-08-11 18:05:26 UTC] 61/8147 | TAOUSDT 2026-08-10: +2880 свечей (прогнозов ждало 1) | всего +132486 | темп 1693 окон/ч, осталось ~4.8 ч | диск 29.5 ГБ
[2026-08-11 18:05:29 UTC] 62/8147 | NILUSDT 2026-08-10: +2880 свечей (прогнозов ждало 1) | всего +135366 | темп 1686 окон/ч, осталось ~4.8 ч | диск 29.5 ГБ
[2026-08-11 18:05:31 UTC] 63/8147 | KITEUSDT 2026-08-10: +2880 свечей (прогнозов ждало 1) | всего +138246 | темп 1685 окон/ч, осталось ~4.8 ч | диск 29.4 ГБ
[2026-08-11 18:05:33 UTC] 64/8147 | BLESSUSDT 2026-08-10: +2880 свечей (прогнозов ждало 1) | всего +141126 | темп 1681 окон/ч, осталось ~4.8 ч | диск 29.4 ГБ
[2026-08-11 18:05:36 UTC] 65/8147 | XPLUSDT 2026-08-10: +2880 свечей (прогнозов ждало 1) | всего +144006 | темп 1680 окон/ч, осталось ~4.8 ч | диск 29.4 ГБ
[2026-08-11 18:05:38 UTC] 66/8147 | EGLDUSDT 2026-08-10: +2880 свечей (прогнозов ждало 1) | всего +146886 | темп 1679 окон/ч, осталось ~4.8 ч | диск 29.4 ГБ
[2026-08-11 18:05:42 UTC] 68/8147 | ALLOUSDT 2026-08-10: +2880 свечей (прогнозов ждало 1) | всего +151206 | темп 1682 окон/ч, осталось ~4.8 ч | диск 29.4 ГБ
[2026-08-11 18:05:46 UTC] 70/8147 | KAITOUSDT 2026-08-10: +2880 свечей (прогнозов ждало 1) | всего +155526 | темп 1682 окон/ч, осталось ~4.8 ч | диск 29.4 ГБ
[2026-08-11 18:05:48 UTC] 71/8147 | CYSUSDT 2026-08-10: +2880 свечей (прогнозов ждало 6) | всего +158406 | темп 1682 окон/ч, осталось ~4.8 ч | диск 29.4 ГБ
[2026-08-11 18:05:51 UTC] 72/8147 | BEATUSDT 2026-08-10: +2880 свечей (прогнозов ждало 1) | всего +161286 | темп 1679 окон/ч, осталось ~4.8 ч | диск 29.4 ГБ
[2026-08-11 18:05:53 UTC] 73/8147 | XMRUSDT 2026-08-10: +2880 свечей (прогнозов ждало 1) | всего +164166 | темп 1674 окон/ч, осталось ~4.8 ч | диск 29.4 ГБ
[2026-08-11 18:05:56 UTC] 74/8147 | EPICUSDT 2026-08-10: +2880 свечей (прогнозов ждало 2) | всего +167046 | темп 1669 окон/ч, осталось ~4.8 ч | диск 29.4 ГБ
[2026-08-11 18:05:58 UTC] 75/8147 | LITUSDT 2026-08-10: +2880 свечей (прогнозов ждало 1) | всего +169926 | темп 1669 окон/ч, осталось ~4.8 ч | диск 29.4 ГБ
[2026-08-11 18:06:01 UTC] 76/8147 | TUTUSDT 2026-08-10: +2880 свечей (прогнозов ждало 3) | всего +172806 | темп 1667 окон/ч, осталось ~4.8 ч | диск 29.4 ГБ
[2026-08-11 18:06:04 UTC] 77/8147 | MUUSDT 2026-08-10: +2880 свечей (прогнозов ждало 1) | всего +175686 | темп 1659 окон/ч, осталось ~4.9 ч | диск 29.4 ГБ
[2026-08-11 18:06:06 UTC] 78/8147 | ZESTUSDT 2026-08-10: +2880 свечей (прогнозов ждало 2) | всего +178566 | темп 1655 окон/ч, осталось ~4.9 ч | диск 29.4 ГБ
[2026-08-11 18:06:08 UTC] 79/8147 | SPCXUSDT 2026-08-10: +2880 свечей (прогнозов ждало 2) | всего +181446 | темп 1655 окон/ч, осталось ~4.9 ч | диск 29.4 ГБ
[2026-08-11 18:06:11 UTC] 80/8147 | COINUSDT 2026-08-10: +2880 свечей (прогнозов ждало 1) | всего +184326 | темп 1650 окон/ч, осталось ~4.9 ч | диск 29.4 ГБ
[2026-08-11 18:06:13 UTC] 81/8147 | SNDKUSDT 2026-08-10: +2880 свечей (прогнозов ждало 2) | всего +187206 | темп 1649 окон/ч, осталось ~4.9 ч | диск 29.4 ГБ
[2026-08-11 18:06:15 UTC] 82/8147 | BSPUSDT 2026-08-10: +2880 свечей (прогнозов ждало 1) | всего +190086 | темп 1650 окон/ч, осталось ~4.9 ч | диск 29.4 ГБ
[2026-08-11 18:06:18 UTC] 83/8147 | BTCUSDT 2026-08-07: +2880 свечей (прогнозов ждало 43) | всего +192966 | темп 1646 окон/ч, осталось ~4.9 ч | диск 29.4 ГБ
[2026-08-11 18:06:20 UTC] 84/8147 | ETHUSDT 2026-08-07: +2880 свечей (прогнозов ждало 8) | всего +195846 | темп 1646 окон/ч, осталось ~4.9 ч | диск 29.4 ГБ
[2026-08-11 18:06:22 UTC] 85/8147 | BNBUSDT 2026-08-07: +2880 свечей (прогнозов ждало 4) | всего +198726 | темп 1646 окон/ч, осталось ~4.9 ч | диск 29.4 ГБ
[2026-08-11 18:06:25 UTC] 86/8147 | ADAUSDT 2026-08-07: +2880 свечей (прогнозов ждало 17) | всего +201606 | темп 1646 окон/ч, осталось ~4.9 ч | диск 29.4 ГБ
[2026-08-11 18:06:27 UTC] 87/8147 | SOLUSDT 2026-08-07: +2880 свечей (прогнозов ждало 1) | всего +204486 | темп 1645 окон/ч, осталось ~4.9 ч | диск 29.4 ГБ
[2026-08-11 18:06:29 UTC] 88/8147 | DOTUSDT 2026-08-07: +2880 свечей (прогнозов ждало 2) | всего +207366 | темп 1645 окон/ч, осталось ~4.9 ч | диск 29.4 ГБ
[2026-08-11 18:06:32 UTC] 89/8147 | DOGEUSDT 2026-08-07: +2880 свечей (прогнозов ждало 5) | всего +210246 | темп 1642 окон/ч, осталось ~4.9 ч | диск 29.4 ГБ
[2026-08-11 18:06:34 UTC] 90/8147 | XRPUSDT 2026-08-07: +2880 свечей (прогнозов ждало 8) | всего +213126 | темп 1641 окон/ч, осталось ~4.9 ч | диск 29.4 ГБ
[2026-08-11 18:06:36 UTC] 91/8147 | LTCUSDT 2026-08-07: +2880 свечей (прогнозов ждало 4) | всего +216006 | темп 1640 окон/ч, осталось ~4.9 ч | диск 29.4 ГБ
[2026-08-11 18:06:38 UTC] 92/8147 | LINKUSDT 2026-08-07: +2880 свечей (прогнозов ждало 3) | всего +218886 | темп 1640 окон/ч, осталось ~4.9 ч | диск 29.4 ГБ
[2026-08-11 18:06:41 UTC] 93/8147 | AVAXUSDT 2026-08-07: +2880 свечей (прогнозов ждало 6) | всего +221766 | темп 1640 окон/ч, осталось ~4.9 ч | диск 29.4 ГБ
[2026-08-11 18:06:43 UTC] 94/8147 | ATOMUSDT 2026-08-07: +2880 свечей (прогнозов ждало 2) | всего +224646 | темп 1639 окон/ч, осталось ~4.9 ч | диск 29.4 ГБ
[2026-08-11 18:06:45 UTC] 95/8147 | NEARUSDT 2026-08-07: +2880 свечей (прогнозов ждало 1) | всего +227526 | темп 1638 окон/ч, осталось ~4.9 ч | диск 29.4 ГБ
[2026-08-11 18:06:48 UTC] 96/8147 | XLMUSDT 2026-08-07: +2880 свечей (прогнозов ждало 2) | всего +230406 | темп 1637 окон/ч, осталось ~4.9 ч | диск 29.4 ГБ
[2026-08-11 18:06:51 UTC] 97/8147 | ETCUSDT 2026-08-07: +2880 свечей (прогнозов ждало 1) | всего +233286 | темп 1629 окон/ч, осталось ~4.9 ч | диск 29.4 ГБ
[2026-08-11 18:06:55 UTC] 99/8147 | CRVUSDT 2026-08-07: +2880 свечей (прогнозов ждало 1) | всего +237606 | темп 1630 окон/ч, осталось ~4.9 ч | диск 29.4 ГБ
[2026-08-11 18:06:57 UTC] 100/8147 | WLDUSDT 2026-08-07: +2880 свечей (прогнозов ждало 4) | всего +240486 | темп 1630 окон/ч, осталось ~4.9 ч | диск 29.4 ГБ
[2026-08-11 18:07:01 UTC] 102/8147 | ENAUSDT 2026-08-07: +2880 свечей (прогнозов ждало 1) | всего +244806 | темп 1633 окон/ч, осталось ~4.9 ч | диск 29.3 ГБ
[2026-08-11 18:07:05 UTC] 104/8147 | IMXUSDT 2026-08-07: +2880 свечей (прогнозов ждало 2) | всего +247686 | темп 1638 окон/ч, осталось ~4.9 ч | диск 29.3 ГБ
[2026-08-11 18:07:10 UTC] 106/8147 | FIDAUSDT 2026-08-07: +2880 свечей (прогнозов ждало 1) | всего +252006 | темп 1637 окон/ч, осталось ~4.9 ч | диск 29.3 ГБ
[2026-08-11 18:07:12 UTC] 107/8147 | UNIUSDT 2026-08-07: +2880 свечей (прогнозов ждало 1) | всего +254886 | темп 1635 окон/ч, осталось ~4.9 ч | диск 29.3 ГБ
[2026-08-11 18:07:15 UTC] 108/8147 | BICOUSDT 2026-08-07: +2880 свечей (прогнозов ждало 4) | всего +257766 | темп 1633 окон/ч, осталось ~4.9 ч | диск 29.3 ГБ
[2026-08-11 18:07:17 UTC] 109/8147 | APTUSDT 2026-08-07: +2880 свечей (прогнозов ждало 2) | всего +260646 | темп 1630 окон/ч, осталось ~4.9 ч | диск 29.3 ГБ
[2026-08-11 18:07:19 UTC] 110/8147 | SUIUSDT 2026-08-07: +2880 свечей (прогнозов ждало 1) | всего +263526 | темп 1630 окон/ч, осталось ~4.9 ч | диск 29.3 ГБ
[2026-08-11 18:07:22 UTC] 111/8147 | AAVEUSDT 2026-08-07: +2880 свечей (прогнозов ждало 4) | всего +266406 | темп 1630 окон/ч, осталось ~4.9 ч | диск 29.3 ГБ
[2026-08-11 18:07:24 UTC] 112/8147 | KASUSDT 2026-08-07: +2880 свечей (прогнозов ждало 3) | всего +269286 | темп 1630 окон/ч, осталось ~4.9 ч | диск 29.3 ГБ
[2026-08-11 18:07:26 UTC] 113/8147 | WIFUSDT 2026-08-07: +2880 свечей (прогнозов ждало 2) | всего +272166 | темп 1630 окон/ч, осталось ~4.9 ч | диск 29.3 ГБ
[2026-08-11 18:07:28 UTC] 114/8147 | ARBUSDT 2026-08-07: +2880 свечей (прогнозов ждало 5) | всего +275046 | темп 1630 окон/ч, осталось ~4.9 ч | диск 29.3 ГБ
[2026-08-11 18:07:31 UTC] 115/8147 | BCHUSDT 2026-08-07: +2880 свечей (прогнозов ждало 1) | всего +277926 | темп 1629 окон/ч, осталось ~4.9 ч | диск 29.3 ГБ
[2026-08-11 18:07:33 UTC] 116/8147 | VIRTUALUSDT 2026-08-07: +2880 свечей (прогнозов ждало 2) | всего +280806 | темп 1627 окон/ч, осталось ~4.9 ч | диск 29.3 ГБ
[2026-08-11 18:07:37 UTC] 118/8147 | GMTUSDT 2026-08-07: +2880 свечей (прогнозов ждало 1) | всего +285126 | темп 1630 окон/ч, осталось ~4.9 ч | диск 29.3 ГБ
[2026-08-11 18:07:39 UTC] 119/8147 | FILUSDT 2026-08-07: +2880 свечей (прогнозов ждало 1) | всего +288006 | темп 1631 окон/ч, осталось ~4.9 ч | диск 29.3 ГБ
[2026-08-11 18:07:41 UTC] 120/8147 | HYPEUSDT 2026-08-07: +2880 свечей (прогнозов ждало 2) | всего +290886 | темп 1631 окон/ч, осталось ~4.9 ч | диск 29.3 ГБ
[2026-08-11 18:07:43 UTC] 121/8147 | JUPUSDT 2026-08-07: +2880 свечей (прогнозов ждало 2) | всего +293766 | темп 1631 окон/ч, осталось ~4.9 ч | диск 29.3 ГБ
[2026-08-11 18:07:46 UTC] 122/8147 | RENDERUSDT 2026-08-07: +2880 свечей (прогнозов ждало 1) | всего +296646 | темп 1631 окон/ч, осталось ~4.9 ч | диск 29.3 ГБ
[2026-08-11 18:07:49 UTC] 123/8147 | ONDOUSDT 2026-08-07: +2880 свечей (прогнозов ждало 1) | всего +299526 | темп 1627 окон/ч, осталось ~4.9 ч | диск 29.3 ГБ
[2026-08-11 18:07:51 UTC] 124/8147 | POLUSDT 2026-08-07: +2880 свечей (прогнозов ждало 4) | всего +302406 | темп 1625 окон/ч, осталось ~4.9 ч | диск 29.3 ГБ
[2026-08-11 18:07:54 UTC] 125/8147 | CAKEUSDT 2026-08-07: +2880 свечей (прогнозов ждало 1) | всего +305286 | темп 1622 окон/ч, осталось ~4.9 ч | диск 29.3 ГБ
[2026-08-11 18:07:56 UTC] 126/8147 | OPUSDT 2026-08-07: +2880 свечей (прогнозов ждало 4) | всего +308166 | темп 1621 окон/ч, осталось ~4.9 ч | диск 29.3 ГБ
[2026-08-11 18:07:59 UTC] 127/8147 | WOOUSDT 2026-08-07: +2880 свечей (прогнозов ждало 1) | всего +311046 | темп 1617 окон/ч, осталось ~5.0 ч | диск 29.3 ГБ
[2026-08-11 18:08:01 UTC] 128/8147 | ETHFIUSDT 2026-08-07: +2880 свечей (прогнозов ждало 13) | всего +313926 | темп 1616 окон/ч, осталось ~5.0 ч | диск 29.3 ГБ
[2026-08-11 18:08:04 UTC] 129/8147 | INJUSDT 2026-08-07: +2880 свечей (прогнозов ждало 4) | всего +316806 | темп 1617 окон/ч, осталось ~5.0 ч | диск 29.3 ГБ
[2026-08-11 18:08:06 UTC] 130/8147 | C98USDT 2026-08-07: +2880 свечей (прогнозов ждало 3) | всего +319686 | темп 1616 окон/ч, осталось ~5.0 ч | диск 29.3 ГБ
[2026-08-11 18:08:08 UTC] 131/8147 | VETUSDT 2026-08-07: +2880 свечей (прогнозов ждало 2) | всего +322566 | темп 1615 окон/ч, осталось ~5.0 ч | диск 29.3 ГБ
[2026-08-11 18:08:11 UTC] 133/8147 | APRUSDT 2026-08-07: +2880 свечей (прогнозов ждало 1) | всего +325446 | темп 1623 окон/ч, осталось ~4.9 ч | диск 29.3 ГБ
[2026-08-11 18:08:14 UTC] 134/8147 | COTIUSDT 2026-08-07: +2880 свечей (прогнозов ждало 1) | всего +328326 | темп 1623 окон/ч, осталось ~4.9 ч | диск 29.3 ГБ
[2026-08-11 18:08:16 UTC] 135/8147 | AXSUSDT 2026-08-07: +2880 свечей (прогнозов ждало 1) | всего +331206 | темп 1623 окон/ч, осталось ~4.9 ч | диск 29.3 ГБ
[2026-08-11 18:08:18 UTC] 136/8147 | PLUMEUSDT 2026-08-07: +2880 свечей (прогнозов ждало 3) | всего +334086 | темп 1623 окон/ч, осталось ~4.9 ч | диск 29.3 ГБ
[2026-08-11 18:08:21 UTC] 137/8147 | ALICEUSDT 2026-08-07: +2880 свечей (прогнозов ждало 2) | всего +336966 | темп 1622 окон/ч, осталось ~4.9 ч | диск 29.3 ГБ
[2026-08-11 18:08:23 UTC] 138/8147 | STGUSDT 2026-08-07: +2880 свечей (прогнозов ждало 20) | всего +339846 | темп 1618 окон/ч, осталось ~5.0 ч | диск 29.3 ГБ
[2026-08-11 18:08:28 UTC] 140/8147 | SEIUSDT 2026-08-07: +2880 свечей (прогнозов ждало 1) | всего +344166 | темп 1620 окон/ч, осталось ~4.9 ч | диск 29.3 ГБ
[2026-08-11 18:08:31 UTC] 142/8147 | PENDLEUSDT 2026-08-07: +2880 свечей (прогнозов ждало 2) | всего +348486 | темп 1623 окон/ч, осталось ~4.9 ч | диск 29.3 ГБ
[2026-08-11 18:08:34 UTC] 143/8147 | ORDIUSDT 2026-08-07: +2880 свечей (прогнозов ждало 1) | всего +351366 | темп 1619 окон/ч, осталось ~4.9 ч | диск 29.3 ГБ
[2026-08-11 18:08:41 UTC] 147/8147 | YGGUSDT 2026-08-07: +2880 свечей (прогнозов ждало 1) | всего +357126 | темп 1630 окон/ч, осталось ~4.9 ч | диск 29.2 ГБ
[2026-08-11 18:08:43 UTC] 148/8147 | FARTCOINUSDT 2026-08-07: +2880 свечей (прогнозов ждало 1) | всего +360006 | темп 1629 окон/ч, осталось ~4.9 ч | диск 29.2 ГБ
[2026-08-11 18:08:46 UTC] 149/8147 | SUSHIUSDT 2026-08-07: +2880 свечей (прогнозов ждало 1) | всего +362886 | темп 1628 окон/ч, осталось ~4.9 ч | диск 29.2 ГБ
[2026-08-11 18:08:48 UTC] 150/8147 | SKLUSDT 2026-08-07: +2880 свечей (прогнозов ждало 1) | всего +365766 | темп 1628 окон/ч, осталось ~4.9 ч | диск 29.2 ГБ
[2026-08-11 18:08:51 UTC] 151/8147 | BOMEUSDT 2026-08-07: +2880 свечей (прогнозов ждало 1) | всего +368646 | темп 1625 окон/ч, осталось ~4.9 ч | диск 29.2 ГБ
[2026-08-11 18:08:54 UTC] 152/8147 | XAUTUSDT 2026-08-07: +2880 свечей (прогнозов ждало 19) | всего +371526 | темп 1622 окон/ч, осталось ~4.9 ч | диск 29.2 ГБ
[2026-08-11 18:08:56 UTC] 153/8147 | TAOUSDT 2026-08-07: +2880 свечей (прогнозов ждало 1) | всего +374406 | темп 1622 окон/ч, осталось ~4.9 ч | диск 29.2 ГБ
[2026-08-11 18:08:58 UTC] 154/8147 | GRTUSDT 2026-08-07: +2880 свечей (прогнозов ждало 3) | всего +377286 | темп 1621 окон/ч, осталось ~4.9 ч | диск 29.2 ГБ
[2026-08-11 18:09:03 UTC] 156/8147 | SANDUSDT 2026-08-07: +2880 свечей (прогнозов ждало 4) | всего +381606 | темп 1623 окон/ч, осталось ~4.9 ч | диск 29.2 ГБ
[2026-08-11 18:09:07 UTC] 158/8147 | BLESSUSDT 2026-08-07: +2880 свечей (прогнозов ждало 13) | всего +385926 | темп 1623 окон/ч, осталось ~4.9 ч | диск 29.2 ГБ
[2026-08-11 18:09:09 UTC] 159/8147 | AGLDUSDT 2026-08-07: +2880 свечей (прогнозов ждало 1) | всего +388806 | темп 1621 окон/ч, осталось ~4.9 ч | диск 29.2 ГБ
[2026-08-11 18:09:12 UTC] 160/8147 | EGLDUSDT 2026-08-07: +2880 свечей (прогнозов ждало 1) | всего +391686 | темп 1619 окон/ч, осталось ~4.9 ч | диск 29.2 ГБ
[2026-08-11 18:09:14 UTC] 161/8147 | ICXUSDT 2026-08-07: +2880 свечей (прогнозов ждало 1) | всего +394566 | темп 1619 окон/ч, осталось ~4.9 ч | диск 29.2 ГБ
[2026-08-11 18:09:17 UTC] 162/8147 | ZILUSDT 2026-08-07: +2880 свечей (прогнозов ждало 5) | всего +397446 | темп 1619 окон/ч, осталось ~4.9 ч | диск 29.2 ГБ
[2026-08-11 18:09:19 UTC] 163/8147 | THETAUSDT 2026-08-07: +2880 свечей (прогнозов ждало 1) | всего +400326 | темп 1619 окон/ч, осталось ~4.9 ч | диск 29.2 ГБ
[2026-08-11 18:09:21 UTC] 164/8147 | AVAUSDT 2026-08-07: +2880 свечей (прогнозов ждало 2) | всего +403206 | темп 1619 окон/ч, осталось ~4.9 ч | диск 29.2 ГБ
[2026-08-11 18:09:24 UTC] 165/8147 | ZBTUSDT 2026-08-07: +2880 свечей (прогнозов ждало 7) | всего +406086 | темп 1618 окон/ч, осталось ~4.9 ч | диск 29.2 ГБ
[2026-08-11 18:09:26 UTC] 166/8147 | PYTHUSDT 2026-08-07: +2880 свечей (прогнозов ждало 8) | всего +408966 | темп 1618 окон/ч, осталось ~4.9 ч | диск 29.2 ГБ
[2026-08-11 18:09:28 UTC] 167/8147 | KMNOUSDT 2026-08-07: +2880 свечей (прогнозов ждало 1) | всего +411846 | темп 1617 окон/ч, осталось ~4.9 ч | диск 29.2 ГБ
[2026-08-11 18:09:31 UTC] 168/8147 | SPKUSDT 2026-08-07: +2880 свечей (прогнозов ждало 1) | всего +414726 | темп 1617 окон/ч, осталось ~4.9 ч | диск 29.2 ГБ
[2026-08-11 18:09:33 UTC] 169/8147 | POWRUSDT 2026-08-07: +2880 свечей (прогнозов ждало 1) | всего +417606 | темп 1616 окон/ч, осталось ~4.9 ч | диск 29.2 ГБ
[2026-08-11 18:09:35 UTC] 170/8147 | ACEUSDT 2026-08-07: +2880 свечей (прогнозов ждало 13) | всего +420486 | темп 1616 окон/ч, осталось ~4.9 ч | диск 29.2 ГБ
[2026-08-11 18:09:41 UTC] 172/8147 | RIVERUSDT 2026-08-07: +2880 свечей (прогнозов ждало 1) | всего +424806 | темп 1612 окон/ч, осталось ~4.9 ч | диск 29.2 ГБ
[2026-08-11 18:09:43 UTC] 173/8147 | ESPORTSUSDT 2026-08-07: +2880 свечей (прогнозов ждало 1) | всего +427686 | темп 1610 окон/ч, осталось ~5.0 ч | диск 29.2 ГБ
[2026-08-11 18:09:46 UTC] 174/8147 | PIXELUSDT 2026-08-07: +2880 свечей (прогнозов ждало 2) | всего +430566 | темп 1609 окон/ч, осталось ~5.0 ч | диск 29.2 ГБ
[2026-08-11 18:09:53 UTC] 177/8147 | AIOUSDT 2026-08-07: +2880 свечей (прогнозов ждало 1) | всего +436326 | темп 1606 окон/ч, осталось ~5.0 ч | диск 29.2 ГБ
[2026-08-11 18:09:56 UTC] 178/8147 | CYSUSDT 2026-08-07: +2880 свечей (прогнозов ждало 7) | всего +439206 | темп 1605 окон/ч, осталось ~5.0 ч | диск 29.2 ГБ
[2026-08-11 18:09:59 UTC] 180/8147 | XPINUSDT 2026-08-07: +2880 свечей (прогнозов ждало 1) | всего +442086 | темп 1610 окон/ч, осталось ~4.9 ч | диск 29.2 ГБ
[2026-08-11 18:10:01 UTC] 181/8147 | ONGUSDT 2026-08-07: +2880 свечей (прогнозов ждало 1) | всего +444966 | темп 1609 окон/ч, осталось ~4.9 ч | диск 29.2 ГБ
[2026-08-11 18:10:04 UTC] 182/8147 | BEATUSDT 2026-08-07: +2880 свечей (прогнозов ждало 1) | всего +447846 | темп 1608 окон/ч, осталось ~5.0 ч | диск 29.2 ГБ
[2026-08-11 18:10:06 UTC] 183/8147 | EPICUSDT 2026-08-07: +2880 свечей (прогнозов ждало 7) | всего +450726 | темп 1608 окон/ч, осталось ~5.0 ч | диск 29.2 ГБ
[2026-08-11 18:10:09 UTC] 184/8147 | XVSUSDT 2026-08-07: +2880 свечей (прогнозов ждало 1) | всего +453606 | темп 1607 окон/ч, осталось ~5.0 ч | диск 29.2 ГБ
[2026-08-11 18:10:15 UTC] 188/8147 | MUBARAKUSDT 2026-08-07: +2880 свечей (прогнозов ждало 2) | всего +459366 | темп 1619 окон/ч, осталось ~4.9 ч | диск 29.2 ГБ
[2026-08-11 18:10:18 UTC] 189/8147 | DEXEUSDT 2026-08-07: +2880 свечей (прогнозов ждало 1) | всего +462246 | темп 1615 окон/ч, осталось ~4.9 ч | диск 29.2 ГБ
[2026-08-11 18:10:20 UTC] 190/8147 | LITUSDT 2026-08-07: +2880 свечей (прогнозов ждало 2) | всего +465126 | темп 1614 окон/ч, осталось ~4.9 ч | диск 29.2 ГБ
[2026-08-11 18:10:23 UTC] 191/8147 | TUTUSDT 2026-08-07: +2880 свечей (прогнозов ждало 3) | всего +468006 | темп 1614 окон/ч, осталось ~4.9 ч | диск 29.2 ГБ
[2026-08-11 18:10:27 UTC] 194/8147 | XAUUSDT 2026-08-07: +2880 свечей (прогнозов ждало 1) | всего +472326 | темп 1621 окон/ч, осталось ~4.9 ч | диск 29.2 ГБ
[2026-08-11 18:10:30 UTC] 195/8147 | GWEIUSDT 2026-08-07: +2880 свечей (прогнозов ждало 4) | всего +475206 | темп 1621 окон/ч, осталось ~4.9 ч | диск 29.2 ГБ
[2026-08-11 18:10:32 UTC] 196/8147 | ESPUSDT 2026-08-07: +2880 свечей (прогнозов ждало 2) | всего +478086 | темп 1620 окон/ч, осталось ~4.9 ч | диск 29.2 ГБ
[2026-08-11 18:10:34 UTC] 197/8147 | ROBOUSDT 2026-08-07: +2880 свечей (прогнозов ждало 1) | всего +480966 | темп 1620 окон/ч, осталось ~4.9 ч | диск 29.1 ГБ
[2026-08-11 18:10:36 UTC] 198/8147 | CLUSDT 2026-08-07: +2880 свечей (прогнозов ждало 1) | всего +483846 | темп 1620 окон/ч, осталось ~4.9 ч | диск 29.1 ГБ
[2026-08-11 18:10:39 UTC] 199/8147 | CAPUSDT 2026-08-07: +2880 свечей (прогнозов ждало 1) | всего +486726 | темп 1620 окон/ч, осталось ~4.9 ч | диск 29.1 ГБ
[2026-08-11 18:10:41 UTC] 200/8147 | BTCUSDT 2026-08-06: +2880 свечей (прогнозов ждало 14) | всего +489606 | темп 1619 окон/ч, осталось ~4.9 ч | диск 29.1 ГБ
[2026-08-11 18:10:43 UTC] 201/8147 | ETHUSDT 2026-08-06: +2880 свечей (прогнозов ждало 6) | всего +492486 | темп 1619 окон/ч, осталось ~4.9 ч | диск 29.1 ГБ
[2026-08-11 18:10:46 UTC] 202/8147 | BNBUSDT 2026-08-06: +2880 свечей (прогнозов ждало 2) | всего +495366 | темп 1618 окон/ч, осталось ~4.9 ч | диск 29.1 ГБ
[2026-08-11 18:10:48 UTC] 203/8147 | ADAUSDT 2026-08-06: +2880 свечей (прогнозов ждало 28) | всего +498246 | темп 1618 окон/ч, осталось ~4.9 ч | диск 29.1 ГБ
[2026-08-11 18:10:50 UTC] 204/8147 | SOLUSDT 2026-08-06: +2880 свечей (прогнозов ждало 21) | всего +501126 | темп 1618 окон/ч, осталось ~4.9 ч | диск 29.1 ГБ
[2026-08-11 18:10:53 UTC] 205/8147 | DOTUSDT 2026-08-06: +2880 свечей (прогнозов ждало 5) | всего +504006 | темп 1617 окон/ч, осталось ~4.9 ч | диск 29.1 ГБ
[2026-08-11 18:10:56 UTC] 206/8147 | DOGEUSDT 2026-08-06: +2880 свечей (прогнозов ждало 16) | всего +506886 | темп 1614 окон/ч, осталось ~4.9 ч | диск 29.1 ГБ
[2026-08-11 18:10:58 UTC] 207/8147 | XRPUSDT 2026-08-06: +2880 свечей (прогнозов ждало 7) | всего +509766 | темп 1614 окон/ч, осталось ~4.9 ч | диск 29.1 ГБ
[2026-08-11 18:11:01 UTC] 208/8147 | LTCUSDT 2026-08-06: +2880 свечей (прогнозов ждало 1) | всего +512646 | темп 1613 окон/ч, осталось ~4.9 ч | диск 29.1 ГБ
[2026-08-11 18:11:03 UTC] 209/8147 | LINKUSDT 2026-08-06: +2880 свечей (прогнозов ждало 3) | всего +515526 | темп 1612 окон/ч, осталось ~4.9 ч | диск 29.1 ГБ
[2026-08-11 18:11:06 UTC] 210/8147 | AVAXUSDT 2026-08-06: +2880 свечей (прогнозов ждало 4) | всего +518406 | темп 1609 окон/ч, осталось ~4.9 ч | диск 29.1 ГБ
[2026-08-11 18:11:09 UTC] 211/8147 | ATOMUSDT 2026-08-06: +2880 свечей (прогнозов ждало 6) | всего +521286 | темп 1609 окон/ч, осталось ~4.9 ч | диск 29.1 ГБ
[2026-08-11 18:11:11 UTC] 212/8147 | NEARUSDT 2026-08-06: +2880 свечей (прогнозов ждало 2) | всего +524166 | темп 1609 окон/ч, осталось ~4.9 ч | диск 29.1 ГБ
[2026-08-11 18:11:13 UTC] 213/8147 | XLMUSDT 2026-08-06: +2880 свечей (прогнозов ждало 9) | всего +527046 | темп 1608 окон/ч, осталось ~4.9 ч | диск 29.1 ГБ
[2026-08-11 18:11:16 UTC] 214/8147 | ALGOUSDT 2026-08-06: +2880 свечей (прогнозов ждало 2) | всего +529926 | темп 1607 окон/ч, осталось ~4.9 ч | диск 29.1 ГБ
[2026-08-11 18:11:18 UTC] 215/8147 | ETCUSDT 2026-08-06: +2880 свечей (прогнозов ждало 5) | всего +532806 | темп 1607 окон/ч, осталось ~4.9 ч | диск 29.1 ГБ
[2026-08-11 18:11:21 UTC] 216/8147 | CRVUSDT 2026-08-06: +2880 свечей (прогнозов ждало 2) | всего +535686 | темп 1606 окон/ч, осталось ~4.9 ч | диск 29.1 ГБ
[2026-08-11 18:11:23 UTC] 217/8147 | XTZUSDT 2026-08-06: +2880 свечей (прогнозов ждало 1) | всего +538566 | темп 1606 окон/ч, осталось ~4.9 ч | диск 29.1 ГБ
[2026-08-11 18:11:25 UTC] 218/8147 | AEROUSDT 2026-08-06: +2880 свечей (прогнозов ждало 4) | всего +541446 | темп 1606 окон/ч, осталось ~4.9 ч | диск 29.1 ГБ
[2026-08-11 18:11:28 UTC] 219/8147 | PENGUUSDT 2026-08-06: +2880 свечей (прогнозов ждало 11) | всего +544326 | темп 1605 окон/ч, осталось ~4.9 ч | диск 29.1 ГБ
[2026-08-11 18:11:30 UTC] 220/8147 | APEUSDT 2026-08-06: +2880 свечей (прогнозов ждало 2) | всего +547206 | темп 1605 окон/ч, осталось ~4.9 ч | диск 29.1 ГБ
[2026-08-11 18:11:32 UTC] 221/8147 | HUMAUSDT 2026-08-06: +2880 свечей (прогнозов ждало 2) | всего +550086 | темп 1605 окон/ч, осталось ~4.9 ч | диск 29.1 ГБ
[2026-08-11 18:11:35 UTC] 222/8147 | WLDUSDT 2026-08-06: +2880 свечей (прогнозов ждало 8) | всего +552966 | темп 1602 окон/ч, осталось ~4.9 ч | диск 29.1 ГБ
[2026-08-11 18:11:38 UTC] 223/8147 | SNXUSDT 2026-08-06: +2880 свечей (прогнозов ждало 2) | всего +555846 | темп 1600 окон/ч, осталось ~5.0 ч | диск 29.1 ГБ
[2026-08-11 18:11:41 UTC] 224/8147 | ZROUSDT 2026-08-06: +2880 свечей (прогнозов ждало 2) | всего +558726 | темп 1598 окон/ч, осталось ~5.0 ч | диск 29.1 ГБ
[2026-08-11 18:11:45 UTC] 226/8147 | ZRXUSDT 2026-08-06: +2880 свечей (прогнозов ждало 3) | всего +563046 | темп 1599 окон/ч, осталось ~5.0 ч | диск 29.1 ГБ
[2026-08-11 18:11:50 UTC] 228/8147 | ENAUSDT 2026-08-06: +2880 свечей (прогнозов ждало 2) | всего +567366 | темп 1599 окон/ч, осталось ~5.0 ч | диск 29.1 ГБ
[2026-08-11 18:11:52 UTC] 230/8147 | IMXUSDT 2026-08-06: +2880 свечей (прогнозов ждало 2) | всего +570246 | темп 1605 окон/ч, осталось ~4.9 ч | диск 29.1 ГБ
[2026-08-11 18:11:57 UTC] 232/8147 | FIDAUSDT 2026-08-06: +2880 свечей (прогнозов ждало 1) | всего +574566 | темп 1604 окон/ч, осталось ~4.9 ч | диск 29.1 ГБ
[2026-08-11 18:12:00 UTC] 233/8147 | UNIUSDT 2026-08-06: +2880 свечей (прогнозов ждало 2) | всего +577446 | темп 1603 окон/ч, осталось ~4.9 ч | диск 29.0 ГБ
[2026-08-11 18:12:02 UTC] 234/8147 | BICOUSDT 2026-08-06: +2880 свечей (прогнозов ждало 5) | всего +580326 | темп 1602 окон/ч, осталось ~4.9 ч | диск 29.0 ГБ
[2026-08-11 18:12:05 UTC] 235/8147 | APTUSDT 2026-08-06: +2880 свечей (прогнозов ждало 4) | всего +583206 | темп 1600 окон/ч, осталось ~4.9 ч | диск 29.0 ГБ
[2026-08-11 18:12:07 UTC] 236/8147 | HBARUSDT 2026-08-06: +2880 свечей (прогнозов ждало 2) | всего +586086 | темп 1600 окон/ч, осталось ~4.9 ч | диск 29.0 ГБ
[2026-08-11 18:12:10 UTC] 237/8147 | SUIUSDT 2026-08-06: +2880 свечей (прогнозов ждало 5) | всего +588966 | темп 1600 окон/ч, осталось ~4.9 ч | диск 29.0 ГБ
[2026-08-11 18:12:12 UTC] 238/8147 | AAVEUSDT 2026-08-06: +2880 свечей (прогнозов ждало 17) | всего +591846 | темп 1600 окон/ч, осталось ~4.9 ч | диск 29.0 ГБ
[2026-08-11 18:12:14 UTC] 239/8147 | KASUSDT 2026-08-06: +2880 свечей (прогнозов ждало 2) | всего +594726 | темп 1600 окон/ч, осталось ~4.9 ч | диск 29.0 ГБ
[2026-08-11 18:12:17 UTC] 240/8147 | ARKMUSDT 2026-08-06: +2880 свечей (прогнозов ждало 1) | всего +597606 | темп 1599 окон/ч, осталось ~4.9 ч | диск 29.0 ГБ
[2026-08-11 18:12:19 UTC] 241/8147 | WIFUSDT 2026-08-06: +2880 свечей (прогнозов ждало 3) | всего +600486 | темп 1599 окон/ч, осталось ~4.9 ч | диск 29.0 ГБ
[2026-08-11 18:12:21 UTC] 242/8147 | COMPUSDT 2026-08-06: +2880 свечей (прогнозов ждало 3) | всего +603366 | темп 1599 окон/ч, осталось ~4.9 ч | диск 29.0 ГБ
[2026-08-11 18:12:24 UTC] 243/8147 | ARBUSDT 2026-08-06: +2880 свечей (прогнозов ждало 4) | всего +606246 | темп 1599 окон/ч, осталось ~4.9 ч | диск 29.0 ГБ
[2026-08-11 18:12:26 UTC] 244/8147 | LDOUSDT 2026-08-06: +2880 свечей (прогнозов ждало 1) | всего +609126 | темп 1598 окон/ч, осталось ~4.9 ч | диск 29.0 ГБ
[2026-08-11 18:12:28 UTC] 245/8147 | BCHUSDT 2026-08-06: +2880 свечей (прогнозов ждало 3) | всего +612006 | темп 1598 окон/ч, осталось ~4.9 ч | диск 29.0 ГБ
[2026-08-11 18:12:31 UTC] 246/8147 | IDUSDT 2026-08-06: +2880 свечей (прогнозов ждало 1) | всего +614886 | темп 1598 окон/ч, осталось ~4.9 ч | диск 29.0 ГБ
[2026-08-11 18:12:33 UTC] 247/8147 | ICPUSDT 2026-08-06: +2880 свечей (прогнозов ждало 2) | всего +617766 | темп 1598 окон/ч, осталось ~4.9 ч | диск 29.0 ГБ
[2026-08-11 18:12:35 UTC] 248/8147 | STRKUSDT 2026-08-06: +2880 свечей (прогнозов ждало 2) | всего +620646 | темп 1598 окон/ч, осталось ~4.9 ч | диск 29.0 ГБ
[2026-08-11 18:12:37 UTC] 249/8147 | HUSDT 2026-08-06: +2880 свечей (прогнозов ждало 1) | всего +623526 | темп 1598 окон/ч, осталось ~4.9 ч | диск 29.0 ГБ
[2026-08-11 18:12:40 UTC] 250/8147 | EIGENUSDT 2026-08-06: +2880 свечей (прогнозов ждало 2) | всего +626406 | темп 1598 окон/ч, осталось ~4.9 ч | диск 29.0 ГБ
[2026-08-11 18:12:42 UTC] 251/8147 | HOMEUSDT 2026-08-06: +2880 свечей (прогнозов ждало 7) | всего +629286 | темп 1598 окон/ч, осталось ~4.9 ч | диск 29.0 ГБ
[2026-08-11 18:12:46 UTC] 253/8147 | FILUSDT 2026-08-06: +2880 свечей (прогнозов ждало 5) | всего +633606 | темп 1599 окон/ч, осталось ~4.9 ч | диск 29.0 ГБ
[2026-08-11 18:12:48 UTC] 254/8147 | TRUMPUSDT 2026-08-06: +2880 свечей (прогнозов ждало 3) | всего +636486 | темп 1599 окон/ч, осталось ~4.9 ч | диск 29.0 ГБ
[2026-08-11 18:12:51 UTC] 255/8147 | HYPEUSDT 2026-08-06: +2880 свечей (прогнозов ждало 6) | всего +639366 | темп 1599 окон/ч, осталось ~4.9 ч | диск 29.0 ГБ
[2026-08-11 18:12:54 UTC] 256/8147 | JUPUSDT 2026-08-06: +2880 свечей (прогнозов ждало 1) | всего +642246 | темп 1597 окон/ч, осталось ~4.9 ч | диск 29.0 ГБ
[2026-08-11 18:12:56 UTC] 257/8147 | RENDERUSDT 2026-08-06: +2880 свечей (прогнозов ждало 4) | всего +645126 | темп 1596 окон/ч, осталось ~4.9 ч | диск 29.0 ГБ
[2026-08-11 18:12:59 UTC] 258/8147 | ONDOUSDT 2026-08-06: +2880 свечей (прогнозов ждало 4) | всего +648006 | темп 1595 окон/ч, осталось ~4.9 ч | диск 29.0 ГБ
[2026-08-11 18:13:02 UTC] 259/8147 | POLUSDT 2026-08-06: +2880 свечей (прогнозов ждало 4) | всего +650886 | темп 1592 окон/ч, осталось ~5.0 ч | диск 29.0 ГБ
[2026-08-11 18:13:04 UTC] 260/8147 | OPUSDT 2026-08-06: +2880 свечей (прогнозов ждало 7) | всего +653766 | темп 1592 окон/ч, осталось ~5.0 ч | диск 29.0 ГБ
[2026-08-11 18:13:06 UTC] 261/8147 | INJUSDT 2026-08-06: +2880 свечей (прогнозов ждало 7) | всего +656646 | темп 1592 окон/ч, осталось ~5.0 ч | диск 29.0 ГБ
[2026-08-11 18:13:10 UTC] 263/8147 | MMTUSDT 2026-08-06: +2880 свечей (прогнозов ждало 3) | всего +659526 | темп 1596 окон/ч, осталось ~4.9 ч | диск 29.0 ГБ
[2026-08-11 18:13:12 UTC] 264/8147 | CHZUSDT 2026-08-06: +2880 свечей (прогнозов ждало 1) | всего +662406 | темп 1596 окон/ч, осталось ~4.9 ч | диск 29.0 ГБ
[2026-08-11 18:13:14 UTC] 265/8147 | ROSEUSDT 2026-08-06: +2880 свечей (прогнозов ждало 3) | всего +665286 | темп 1596 окон/ч, осталось ~4.9 ч | диск 29.0 ГБ
[2026-08-11 18:13:16 UTC] 266/8147 | BATUSDT 2026-08-06: +2880 свечей (прогнозов ждало 2) | всего +668166 | темп 1596 окон/ч, осталось ~4.9 ч | диск 29.0 ГБ
[2026-08-11 18:13:19 UTC] 267/8147 | TACUSDT 2026-08-06: +2880 свечей (прогнозов ждало 1) | всего +671046 | темп 1595 окон/ч, осталось ~4.9 ч | диск 29.0 ГБ
[2026-08-11 18:13:21 UTC] 268/8147 | LSKUSDT 2026-08-06: +2880 свечей (прогнозов ждало 2) | всего +673926 | темп 1595 окон/ч, осталось ~4.9 ч | диск 29.0 ГБ
[2026-08-11 18:13:24 UTC] 269/8147 | BANDUSDT 2026-08-06: +2880 свечей (прогнозов ждало 1) | всего +676806 | темп 1595 окон/ч, осталось ~4.9 ч | диск 29.0 ГБ
[2026-08-11 18:13:26 UTC] 270/8147 | RESOLVUSDT 2026-08-06: +2880 свечей (прогнозов ждало 1) | всего +679686 | темп 1595 окон/ч, осталось ~4.9 ч | диск 29.0 ГБ
[2026-08-11 18:13:28 UTC] 271/8147 | TRXUSDT 2026-08-06: +2880 свечей (прогнозов ждало 11) | всего +682566 | темп 1594 окон/ч, осталось ~4.9 ч | диск 29.0 ГБ
[2026-08-11 18:13:31 UTC] 272/8147 | COTIUSDT 2026-08-06: +2880 свечей (прогнозов ждало 15) | всего +685446 | темп 1594 окон/ч, осталось ~4.9 ч | диск 29.0 ГБ
[2026-08-11 18:13:33 UTC] 273/8147 | VELVETUSDT 2026-08-06: +2880 свечей (прогнозов ждало 3) | всего +688326 | темп 1594 окон/ч, осталось ~4.9 ч | диск 29.0 ГБ
[2026-08-11 18:13:35 UTC] 274/8147 | CFXUSDT 2026-08-06: +2880 свечей (прогнозов ждало 1) | всего +691206 | темп 1594 окон/ч, осталось ~4.9 ч | диск 29.0 ГБ
[2026-08-11 18:13:38 UTC] 275/8147 | AXSUSDT 2026-08-06: +2880 свечей (прогнозов ждало 3) | всего +694086 | темп 1594 окон/ч, осталось ~4.9 ч | диск 29.0 ГБ
[2026-08-11 18:13:40 UTC] 276/8147 | ALICEUSDT 2026-08-06: +2880 свечей (прогнозов ждало 1) | всего +696966 | темп 1594 окон/ч, осталось ~4.9 ч | диск 29.0 ГБ
[2026-08-11 18:13:42 UTC] 277/8147 | VVVUSDT 2026-08-06: +2880 свечей (прогнозов ждало 1) | всего +699846 | темп 1594 окон/ч, осталось ~4.9 ч | диск 28.9 ГБ
[2026-08-11 18:13:45 UTC] 278/8147 | STGUSDT 2026-08-06: +2880 свечей (прогнозов ждало 16) | всего +702726 | темп 1593 окон/ч, осталось ~4.9 ч | диск 28.9 ГБ
[2026-08-11 18:13:48 UTC] 280/8147 | SEIUSDT 2026-08-06: +2880 свечей (прогнозов ждало 5) | всего +707046 | темп 1595 окон/ч, осталось ~4.9 ч | диск 28.9 ГБ
[2026-08-11 18:13:51 UTC] 281/8147 | RPLUSDT 2026-08-06: +2880 свечей (прогнозов ждало 12) | всего +709926 | темп 1595 окон/ч, осталось ~4.9 ч | диск 28.9 ГБ
[2026-08-11 18:13:53 UTC] 282/8147 | ORDIUSDT 2026-08-06: +2880 свечей (прогнозов ждало 2) | всего +712806 | темп 1595 окон/ч, осталось ~4.9 ч | диск 28.9 ГБ
[2026-08-11 18:13:55 UTC] 283/8147 | TIAUSDT 2026-08-06: +2880 свечей (прогнозов ждало 2) | всего +715686 | темп 1595 окон/ч, осталось ~4.9 ч | диск 28.9 ГБ
[2026-08-11 18:13:59 UTC] 285/8147 | ONTUSDT 2026-08-06: +2880 свечей (прогнозов ждало 1) | всего +720006 | темп 1596 окон/ч, осталось ~4.9 ч | диск 28.9 ГБ
[2026-08-11 18:14:01 UTC] 286/8147 | ZENUSDT 2026-08-06: +2880 свечей (прогнозов ждало 2) | всего +722886 | темп 1596 окон/ч, осталось ~4.9 ч | диск 28.9 ГБ
[2026-08-11 18:14:04 UTC] 287/8147 | YGGUSDT 2026-08-06: +2880 свечей (прогнозов ждало 2) | всего +725766 | темп 1596 окон/ч, осталось ~4.9 ч | диск 28.9 ГБ
[2026-08-11 18:14:06 UTC] 288/8147 | FARTCOINUSDT 2026-08-06: +2880 свечей (прогнозов ждало 2) | всего +728646 | темп 1596 окон/ч, осталось ~4.9 ч | диск 28.9 ГБ
[2026-08-11 18:14:09 UTC] 289/8147 | WAXPUSDT 2026-08-06: +2880 свечей (прогнозов ждало 1) | всего +731526 | темп 1595 окон/ч, осталось ~4.9 ч | диск 28.9 ГБ
[2026-08-11 18:14:11 UTC] 290/8147 | MOVEUSDT 2026-08-06: +2880 свечей (прогнозов ждало 1) | всего +734406 | темп 1595 окон/ч, осталось ~4.9 ч | диск 28.9 ГБ
[2026-08-11 18:14:14 UTC] 291/8147 | MANAUSDT 2026-08-06: +2880 свечей (прогнозов ждало 1) | всего +737286 | темп 1592 окон/ч, осталось ~4.9 ч | диск 28.9 ГБ
[2026-08-11 18:14:17 UTC] 292/8147 | SUSHIUSDT 2026-08-06: +2880 свечей (прогнозов ждало 3) | всего +740166 | темп 1592 окон/ч, осталось ~4.9 ч | диск 28.9 ГБ
[2026-08-11 18:14:19 UTC] 293/8147 | OGNUSDT 2026-08-06: +2880 свечей (прогнозов ждало 14) | всего +743046 | темп 1592 окон/ч, осталось ~4.9 ч | диск 28.9 ГБ
[2026-08-11 18:14:22 UTC] 294/8147 | SKLUSDT 2026-08-06: +2880 свечей (прогнозов ждало 1) | всего +745926 | темп 1590 окон/ч, осталось ~4.9 ч | диск 28.9 ГБ
[2026-08-11 18:14:24 UTC] 295/8147 | ACTUSDT 2026-08-06: +2880 свечей (прогнозов ждало 1) | всего +748806 | темп 1590 окон/ч, осталось ~4.9 ч | диск 28.9 ГБ
[2026-08-11 18:14:27 UTC] 296/8147 | TAOUSDT 2026-08-06: +2880 свечей (прогнозов ждало 6) | всего +751686 | темп 1589 окон/ч, осталось ~4.9 ч | диск 28.9 ГБ
[2026-08-11 18:14:29 UTC] 297/8147 | GRTUSDT 2026-08-06: +2880 свечей (прогнозов ждало 3) | всего +754566 | темп 1589 окон/ч, осталось ~4.9 ч | диск 28.9 ГБ
[2026-08-11 18:14:32 UTC] 298/8147 | RUNEUSDT 2026-08-06: +2880 свечей (прогнозов ждало 1) | всего +757446 | темп 1589 окон/ч, осталось ~4.9 ч | диск 28.9 ГБ
[2026-08-11 18:14:34 UTC] 299/8147 | TRBUSDT 2026-08-06: +2880 свечей (прогнозов ждало 1) | всего +760326 | темп 1589 окон/ч, осталось ~4.9 ч | диск 28.9 ГБ
[2026-08-11 18:14:36 UTC] 300/8147 | XANUSDT 2026-08-06: +2880 свечей (прогнозов ждало 1) | всего +763206 | темп 1589 окон/ч, осталось ~4.9 ч | диск 28.9 ГБ
[2026-08-11 18:14:39 UTC] 301/8147 | PAXGUSDT 2026-08-06: +2880 свечей (прогнозов ждало 1) | всего +766086 | темп 1589 окон/ч, осталось ~4.9 ч | диск 28.9 ГБ
[2026-08-11 18:14:43 UTC] 303/8147 | SANDUSDT 2026-08-06: +2880 свечей (прогнозов ждало 4) | всего +770406 | темп 1589 окон/ч, осталось ~4.9 ч | диск 28.9 ГБ
[2026-08-11 18:14:47 UTC] 305/8147 | JTOUSDT 2026-08-06: +2880 свечей (прогнозов ждало 2) | всего +774726 | темп 1590 окон/ч, осталось ~4.9 ч | диск 28.9 ГБ
[2026-08-11 18:14:49 UTC] 306/8147 | ERAUSDT 2026-08-06: +2880 свечей (прогнозов ждало 1) | всего +777606 | темп 1589 окон/ч, осталось ~4.9 ч | диск 28.9 ГБ
[2026-08-11 18:14:52 UTC] 307/8147 | KITEUSDT 2026-08-06: +2880 свечей (прогнозов ждало 1) | всего +780486 | темп 1588 окон/ч, осталось ~4.9 ч | диск 28.9 ГБ
[2026-08-11 18:14:55 UTC] 308/8147 | BLESSUSDT 2026-08-06: +2880 свечей (прогнозов ждало 50) | всего +783366 | темп 1587 окон/ч, осталось ~4.9 ч | диск 28.9 ГБ
[2026-08-11 18:14:57 UTC] 309/8147 | ACHUSDT 2026-08-06: +2880 свечей (прогнозов ждало 2) | всего +786246 | темп 1587 окон/ч, осталось ~4.9 ч | диск 28.9 ГБ
[2026-08-11 18:15:00 UTC] 310/8147 | STXUSDT 2026-08-06: +2880 свечей (прогнозов ждало 1) | всего +789126 | темп 1585 окон/ч, осталось ~4.9 ч | диск 28.9 ГБ
[2026-08-11 18:15:03 UTC] 311/8147 | XPLUSDT 2026-08-06: +2880 свечей (прогнозов ждало 1) | всего +792006 | темп 1584 окон/ч, осталось ~4.9 ч | диск 28.9 ГБ
[2026-08-11 18:15:06 UTC] 312/8147 | PIEVERSEUSDT 2026-08-06: +2880 свечей (прогнозов ждало 2) | всего +794886 | темп 1583 окон/ч, осталось ~5.0 ч | диск 28.9 ГБ
[2026-08-11 18:15:08 UTC] 313/8147 | PEOPLEUSDT 2026-08-06: +2880 свечей (прогнозов ждало 2) | всего +797766 | темп 1583 окон/ч, осталось ~4.9 ч | диск 28.9 ГБ
[2026-08-11 18:15:12 UTC] 314/8147 | COOKIEUSDT 2026-08-06: +2880 свечей (прогнозов ждало 12) | всего +800646 | темп 1579 окон/ч, осталось ~5.0 ч | диск 28.9 ГБ
[2026-08-11 18:15:15 UTC] 315/8147 | THETAUSDT 2026-08-06: +2880 свечей (прогнозов ждало 5) | всего +803526 | темп 1579 окон/ч, осталось ~5.0 ч | диск 28.9 ГБ
[2026-08-11 18:15:17 UTC] 316/8147 | REDUSDT 2026-08-06: +2880 свечей (прогнозов ждало 1) | всего +806406 | темп 1578 окон/ч, осталось ~5.0 ч | диск 28.9 ГБ
[2026-08-11 18:15:20 UTC] 317/8147 | QTUMUSDT 2026-08-06: +2880 свечей (прогнозов ждало 3) | всего +809286 | темп 1578 окон/ч, осталось ~5.0 ч | диск 28.9 ГБ
[2026-08-11 18:15:22 UTC] 318/8147 | ZBTUSDT 2026-08-06: +2880 свечей (прогнозов ждало 11) | всего +812166 | темп 1577 окон/ч, осталось ~5.0 ч | диск 28.9 ГБ
[2026-08-11 18:15:24 UTC] 319/8147 | PYTHUSDT 2026-08-06: +2880 свечей (прогнозов ждало 1) | всего +815046 | темп 1577 окон/ч, осталось ~5.0 ч | диск 28.9 ГБ
[2026-08-11 18:15:27 UTC] 320/8147 | LABUSDT 2026-08-06: +2880 свечей (прогнозов ждало 1) | всего +817926 | темп 1577 окон/ч, осталось ~5.0 ч | диск 28.8 ГБ
[2026-08-11 18:15:29 UTC] 321/8147 | ZECUSDT 2026-08-06: +2880 свечей (прогнозов ждало 5) | всего +820806 | темп 1577 окон/ч, осталось ~5.0 ч | диск 28.8 ГБ
[2026-08-11 18:15:31 UTC] 322/8147 | MAVUSDT 2026-08-06: +2880 свечей (прогнозов ждало 1) | всего +823686 | темп 1577 окон/ч, осталось ~5.0 ч | диск 28.8 ГБ
[2026-08-11 18:15:36 UTC] 324/8147 | POWERUSDT 2026-08-06: +2880 свечей (прогнозов ждало 1) | всего +828006 | темп 1578 окон/ч, осталось ~5.0 ч | диск 28.8 ГБ
[2026-08-11 18:15:38 UTC] 325/8147 | ACEUSDT 2026-08-06: +2880 свечей (прогнозов ждало 3) | всего +830886 | темп 1578 окон/ч, осталось ~5.0 ч | диск 28.8 ГБ
[2026-08-11 18:15:40 UTC] 326/8147 | ASTRUSDT 2026-08-06: +2880 свечей (прогнозов ждало 1) | всего +833766 | темп 1578 окон/ч, осталось ~5.0 ч | диск 28.8 ГБ
[2026-08-11 18:15:42 UTC] 327/8147 | CHRUSDT 2026-08-06: +2880 свечей (прогнозов ждало 1) | всего +836646 | темп 1578 окон/ч, осталось ~5.0 ч | диск 28.8 ГБ
[2026-08-11 18:15:46 UTC] 329/8147 | NAORISUSDT 2026-08-06: +2880 свечей (прогнозов ждало 1) | всего +840966 | темп 1579 окон/ч, осталось ~5.0 ч | диск 28.8 ГБ
[2026-08-11 18:15:49 UTC] 330/8147 | ALLOUSDT 2026-08-06: +2880 свечей (прогнозов ждало 1) | всего +843846 | темп 1579 окон/ч, осталось ~5.0 ч | диск 28.8 ГБ
[2026-08-11 18:15:51 UTC] 331/8147 | RIVERUSDT 2026-08-06: +2880 свечей (прогнозов ждало 5) | всего +846726 | темп 1579 окон/ч, осталось ~4.9 ч | диск 28.8 ГБ
[2026-08-11 18:15:53 UTC] 332/8147 | API3USDT 2026-08-06: +2880 свечей (прогнозов ждало 1) | всего +849606 | темп 1579 окон/ч, осталось ~4.9 ч | диск 28.8 ГБ
[2026-08-11 18:15:56 UTC] 333/8147 | JCTUSDT 2026-08-06: +2880 свечей (прогнозов ждало 1) | всего +852486 | темп 1579 окон/ч, осталось ~4.9 ч | диск 28.8 ГБ
[2026-08-11 18:15:59 UTC] 334/8147 | ESPORTSUSDT 2026-08-06: +2880 свечей (прогнозов ждало 5) | всего +855366 | темп 1577 окон/ч, осталось ~5.0 ч | диск 28.8 ГБ
[2026-08-11 18:16:03 UTC] 336/8147 | UAIUSDT 2026-08-06: +2880 свечей (прогнозов ждало 3) | всего +858246 | темп 1579 окон/ч, осталось ~4.9 ч | диск 28.8 ГБ
[2026-08-11 18:16:09 UTC] 339/8147 | STOUSDT 2026-08-06: +2880 свечей (прогнозов ждало 1) | всего +864006 | темп 1580 окон/ч, осталось ~4.9 ч | диск 28.8 ГБ
[2026-08-11 18:16:11 UTC] 340/8147 | KNCUSDT 2026-08-06: +2880 свечей (прогнозов ждало 2) | всего +866886 | темп 1580 окон/ч, осталось ~4.9 ч | диск 28.8 ГБ
[2026-08-11 18:16:14 UTC] 341/8147 | USUSDT 2026-08-06: +2880 свечей (прогнозов ждало 1) | всего +869766 | темп 1579 окон/ч, осталось ~4.9 ч | диск 28.8 ГБ
[2026-08-11 18:16:16 UTC] 342/8147 | BANKUSDT 2026-08-06: +2880 свечей (прогнозов ждало 12) | всего +872646 | темп 1579 окон/ч, осталось ~4.9 ч | диск 28.8 ГБ
[2026-08-11 18:16:21 UTC] 345/8147 | MYXUSDT 2026-08-06: +2880 свечей (прогнозов ждало 1) | всего +876966 | темп 1583 окон/ч, осталось ~4.9 ч | диск 28.8 ГБ
[2026-08-11 18:16:23 UTC] 346/8147 | AIOUSDT 2026-08-06: +2880 свечей (прогнозов ждало 1) | всего +879846 | темп 1583 окон/ч, осталось ~4.9 ч | диск 28.8 ГБ
[2026-08-11 18:16:26 UTC] 347/8147 | KAITOUSDT 2026-08-06: +2880 свечей (прогнозов ждало 4) | всего +882726 | темп 1583 окон/ч, осталось ~4.9 ч | диск 28.8 ГБ
[2026-08-11 18:16:28 UTC] 348/8147 | RAVEUSDT 2026-08-06: +2880 свечей (прогнозов ждало 1) | всего +885606 | темп 1583 окон/ч, осталось ~4.9 ч | диск 28.8 ГБ
[2026-08-11 18:16:30 UTC] 349/8147 | CYSUSDT 2026-08-06: +2880 свечей (прогнозов ждало 23) | всего +888486 | темп 1582 окон/ч, осталось ~4.9 ч | диск 28.8 ГБ
[2026-08-11 18:16:32 UTC] 350/8147 | PROMUSDT 2026-08-06: +1440 свечей (прогнозов ждало 1) | всего +889926 | темп 1584 окон/ч, осталось ~4.9 ч | диск 28.8 ГБ
[2026-08-11 18:16:35 UTC] 352/8147 | MAGMAUSDT 2026-08-06: +2880 свечей (прогнозов ждало 1) | всего +892806 | темп 1586 окон/ч, осталось ~4.9 ч | диск 28.8 ГБ
[2026-08-11 18:16:38 UTC] 353/8147 | XPINUSDT 2026-08-06: +2880 свечей (прогнозов ждало 1) | всего +895686 | темп 1586 окон/ч, осталось ~4.9 ч | диск 28.8 ГБ
[2026-08-11 18:16:40 UTC] 354/8147 | BEATUSDT 2026-08-06: +2880 свечей (прогнозов ждало 10) | всего +898566 | темп 1586 окон/ч, осталось ~4.9 ч | диск 28.8 ГБ
[2026-08-11 18:16:42 UTC] 355/8147 | UBUSDT 2026-08-06: +2880 свечей (прогнозов ждало 7) | всего +901446 | темп 1586 окон/ч, осталось ~4.9 ч | диск 28.8 ГБ
[2026-08-11 18:16:44 UTC] 356/8147 | PIPPINUSDT 2026-08-06: +2880 свечей (прогнозов ждало 1) | всего +904326 | темп 1586 окон/ч, осталось ~4.9 ч | диск 28.8 ГБ
[2026-08-11 18:16:47 UTC] 357/8147 | XMRUSDT 2026-08-06: +2880 свечей (прогнозов ждало 2) | всего +907206 | темп 1586 окон/ч, осталось ~4.9 ч | диск 28.8 ГБ
[2026-08-11 18:16:50 UTC] 359/8147 | CRCLUSDT 2026-08-06: +2880 свечей (прогнозов ждало 1) | всего +910086 | темп 1589 окон/ч, осталось ~4.9 ч | диск 28.8 ГБ
[2026-08-11 18:16:52 UTC] 360/8147 | EPICUSDT 2026-08-06: +2880 свечей (прогнозов ждало 5) | всего +912966 | темп 1589 окон/ч, осталось ~4.9 ч | диск 28.7 ГБ
[2026-08-11 18:16:55 UTC] 361/8147 | COWUSDT 2026-08-06: +2880 свечей (прогнозов ждало 1) | всего +915846 | темп 1588 окон/ч, осталось ~4.9 ч | диск 28.7 ГБ
[2026-08-11 18:16:58 UTC] 362/8147 | GIGGLEUSDT 2026-08-06: +2880 свечей (прогнозов ждало 4) | всего +918726 | темп 1586 окон/ч, осталось ~4.9 ч | диск 28.7 ГБ
[2026-08-11 18:17:00 UTC] 363/8147 | FOLKSUSDT 2026-08-06: +2880 свечей (прогнозов ждало 1) | всего +921606 | темп 1586 окон/ч, осталось ~4.9 ч | диск 28.7 ГБ
[2026-08-11 18:17:03 UTC] 364/8147 | DASHUSDT 2026-08-06: +2880 свечей (прогнозов ждало 3) | всего +924486 | темп 1585 окон/ч, осталось ~4.9 ч | диск 28.7 ГБ
[2026-08-11 18:17:07 UTC] 366/8147 | IOTAUSDT 2026-08-06: +2880 свечей (прогнозов ждало 1) | всего +928806 | темп 1586 окон/ч, осталось ~4.9 ч | диск 28.7 ГБ
[2026-08-11 18:17:11 UTC] 369/8147 | GRIFFAINUSDT 2026-08-06: +2880 свечей (прогнозов ждало 1) | всего +933126 | темп 1591 окон/ч, осталось ~4.9 ч | диск 28.7 ГБ
[2026-08-11 18:17:18 UTC] 373/8147 | EULUSDT 2026-08-06: +2880 свечей (прогнозов ждало 1) | всего +938886 | темп 1595 окон/ч, осталось ~4.9 ч | диск 28.7 ГБ
[2026-08-11 18:17:21 UTC] 374/8147 | STEEMUSDT 2026-08-06: +2880 свечей (прогнозов ждало 1) | всего +941766 | темп 1594 окон/ч, осталось ~4.9 ч | диск 28.7 ГБ
[2026-08-11 18:17:24 UTC] 375/8147 | LITUSDT 2026-08-06: +2880 свечей (прогнозов ждало 1) | всего +944646 | темп 1593 окон/ч, осталось ~4.9 ч | диск 28.7 ГБ
[2026-08-11 18:17:28 UTC] 377/8147 | TUTUSDT 2026-08-06: +2880 свечей (прогнозов ждало 1) | всего +948966 | темп 1594 окон/ч, осталось ~4.9 ч | диск 28.7 ГБ
[2026-08-11 18:17:30 UTC] 378/8147 | SENTUSDT 2026-08-06: +2880 свечей (прогнозов ждало 1) | всего +951846 | темп 1594 окон/ч, осталось ~4.9 ч | диск 28.7 ГБ
[2026-08-11 18:17:36 UTC] 381/8147 | MEGAUSDT 2026-08-06: +2880 свечей (прогнозов ждало 1) | всего +957606 | темп 1596 окон/ч, осталось ~4.9 ч | диск 28.7 ГБ
[2026-08-11 18:17:38 UTC] 382/8147 | XAGUSDT 2026-08-06: +2880 свечей (прогнозов ждало 6) | всего +960486 | темп 1596 окон/ч, осталось ~4.9 ч | диск 28.7 ГБ
[2026-08-11 18:17:43 UTC] 384/8147 | XAUUSDT 2026-08-06: +2880 свечей (прогнозов ждало 7) | всего +964806 | темп 1596 окон/ч, осталось ~4.9 ч | диск 28.7 ГБ
[2026-08-11 18:17:45 UTC] 385/8147 | OPNUSDT 2026-08-06: +2880 свечей (прогнозов ждало 2) | всего +967686 | темп 1595 окон/ч, осталось ~4.9 ч | диск 28.7 ГБ
[2026-08-11 18:17:48 UTC] 386/8147 | EDGEUSDT 2026-08-06: +2880 свечей (прогнозов ждало 1) | всего +970566 | темп 1595 окон/ч, осталось ~4.9 ч | диск 28.7 ГБ
[2026-08-11 18:17:50 UTC] 387/8147 | BASEDUSDT 2026-08-06: +2880 свечей (прогнозов ждало 6) | всего +973446 | темп 1595 окон/ч, осталось ~4.9 ч | диск 28.7 ГБ
[2026-08-11 18:17:52 UTC] 388/8147 | GENIUSUSDT 2026-08-06: +2880 свечей (прогнозов ждало 1) | всего +976326 | темп 1595 окон/ч, осталось ~4.9 ч | диск 28.7 ГБ
[2026-08-11 18:17:55 UTC] 389/8147 | CLUSDT 2026-08-06: +2880 свечей (прогнозов ждало 5) | всего +979206 | темп 1594 окон/ч, осталось ~4.9 ч | диск 28.7 ГБ
[2026-08-11 18:17:58 UTC] 390/8147 | NBISUSDT 2026-08-06: +2880 свечей (прогнозов ждало 1) | всего +982086 | темп 1593 окон/ч, осталось ~4.9 ч | диск 28.7 ГБ
[2026-08-11 18:18:01 UTC] 391/8147 | MUUSDT 2026-08-06: +2880 свечей (прогнозов ждало 5) | всего +984966 | темп 1591 окон/ч, осталось ~4.9 ч | диск 28.7 ГБ
[2026-08-11 18:18:04 UTC] 392/8147 | INTCUSDT 2026-08-06: +2880 свечей (прогнозов ждало 1) | всего +987846 | темп 1591 окон/ч, осталось ~4.9 ч | диск 28.7 ГБ
[2026-08-11 18:18:06 UTC] 393/8147 | BZUSDT 2026-08-06: +2880 свечей (прогнозов ждало 12) | всего +990726 | темп 1590 окон/ч, осталось ~4.9 ч | диск 28.7 ГБ
[2026-08-11 18:18:09 UTC] 394/8147 | RKLBUSDT 2026-08-06: +2880 свечей (прогнозов ждало 1) | всего +993606 | темп 1589 окон/ч, осталось ~4.9 ч | диск 28.7 ГБ
[2026-08-11 18:18:11 UTC] 395/8147 | SLXUSDT 2026-08-06: +2880 свечей (прогнозов ждало 4) | всего +996486 | темп 1589 окон/ч, осталось ~4.9 ч | диск 28.7 ГБ
[2026-08-11 18:18:14 UTC] 396/8147 | BTWUSDT 2026-08-06: +2880 свечей (прогнозов ждало 8) | всего +999366 | темп 1588 окон/ч, осталось ~4.9 ч | диск 28.7 ГБ
[2026-08-11 18:18:17 UTC] 397/8147 | SOXLUSDT 2026-08-06: +2880 свечей (прогнозов ждало 11) | всего +1002246 | темп 1587 окон/ч, осталось ~4.9 ч | диск 28.7 ГБ
[2026-08-11 18:18:19 UTC] 398/8147 | SPCXUSDT 2026-08-06: +2880 свечей (прогнозов ждало 8) | всего +1005126 | темп 1587 окон/ч, осталось ~4.9 ч | диск 28.7 ГБ
[2026-08-11 18:18:22 UTC] 399/8147 | GRAMUSDT 2026-08-06: +2880 свечей (прогнозов ждало 1) | всего +1008006 | темп 1587 окон/ч, осталось ~4.9 ч | диск 28.7 ГБ
[2026-08-11 18:18:24 UTC] 400/8147 | SNDKUSDT 2026-08-06: +2880 свечей (прогнозов ждало 31) | всего +1010886 | темп 1587 окон/ч, осталось ~4.9 ч | диск 28.7 ГБ
[2026-08-11 18:18:26 UTC] 401/8147 | KORUUSDT 2026-08-06: +2880 свечей (прогнозов ждало 37) | всего +1013766 | темп 1586 окон/ч, осталось ~4.9 ч | диск 28.7 ГБ
[2026-08-11 18:18:29 UTC] 402/8147 | SKHYNIXUSDT 2026-08-06: +2880 свечей (прогнозов ждало 25) | всего +1016646 | темп 1586 окон/ч, осталось ~4.9 ч | диск 28.7 ГБ
[2026-08-11 18:18:31 UTC] 403/8147 | ARXUSDT 2026-08-06: +2880 свечей (прогнозов ждало 1) | всего +1019526 | темп 1586 окон/ч, осталось ~4.9 ч | диск 28.7 ГБ
[2026-08-11 18:18:34 UTC] 404/8147 | CAPUSDT 2026-08-06: +2880 свечей (прогнозов ждало 4) | всего +1022406 | темп 1586 окон/ч, осталось ~4.9 ч | диск 28.7 ГБ
[2026-08-11 18:18:36 UTC] 405/8147 | MVLLUSDT 2026-08-06: +2880 свечей (прогнозов ждало 1) | всего +1025286 | темп 1586 окон/ч, осталось ~4.9 ч | диск 28.7 ГБ
[2026-08-11 18:18:38 UTC] 406/8147 | SKHYUSDT 2026-08-06: +2880 свечей (прогнозов ждало 9) | всего +1028166 | темп 1585 окон/ч, осталось ~4.9 ч | диск 28.7 ГБ
[2026-08-11 18:18:41 UTC] 407/8147 | SNXXUSDT 2026-08-06: +2880 свечей (прогнозов ждало 2) | всего +1031046 | темп 1585 окон/ч, осталось ~4.9 ч | диск 28.7 ГБ
[2026-08-11 18:18:43 UTC] 408/8147 | ZHIPUUSDT 2026-08-06: +2880 свечей (прогнозов ждало 3) | всего +1033926 | темп 1585 окон/ч, осталось ~4.9 ч | диск 28.6 ГБ
[2026-08-11 18:18:45 UTC] 409/8147 | SOXSUSDT 2026-08-06: +2880 свечей (прогнозов ждало 2) | всего +1036806 | темп 1585 окон/ч, осталось ~4.9 ч | диск 28.6 ГБ
[2026-08-11 18:18:47 UTC] 410/8147 | MINIMAXUSDT 2026-08-06: +2880 свечей (прогнозов ждало 3) | всего +1039686 | темп 1585 окон/ч, осталось ~4.9 ч | диск 28.6 ГБ
[2026-08-11 18:18:50 UTC] 411/8147 | PLTRUSDT 2026-08-06: +2880 свечей (прогнозов ждало 3) | всего +1042566 | темп 1586 окон/ч, осталось ~4.9 ч | диск 28.6 ГБ
[2026-08-11 18:18:52 UTC] 412/8147 | GRVTUSDT 2026-08-06: +2880 свечей (прогнозов ждало 1) | всего +1045446 | темп 1585 окон/ч, осталось ~4.9 ч | диск 28.6 ГБ
[2026-08-11 18:18:54 UTC] 413/8147 | AXTIUSDT 2026-08-06: +2880 свечей (прогнозов ждало 1) | всего +1048326 | темп 1585 окон/ч, осталось ~4.9 ч | диск 28.6 ГБ
[2026-08-11 18:18:57 UTC] 414/8147 | FLNCUSDT 2026-08-06: +2880 свечей (прогнозов ждало 3) | всего +1051206 | темп 1585 окон/ч, осталось ~4.9 ч | диск 28.6 ГБ
[2026-08-11 18:19:00 UTC] 416/8147 | JPMUSDT 2026-08-06: +2880 свечей (прогнозов ждало 1) | всего +1054086 | темп 1587 окон/ч, осталось ~4.9 ч | диск 28.6 ГБ
[2026-08-11 18:19:04 UTC] 417/8147 | TENCENTUSDT 2026-08-06: +2880 свечей (прогнозов ждало 1) | всего +1056966 | темп 1585 окон/ч, осталось ~4.9 ч | диск 28.6 ГБ
[2026-08-11 18:19:06 UTC] 418/8147 | BTCUSDT 2026-08-05: +2880 свечей (прогнозов ждало 25) | всего +1059846 | темп 1585 окон/ч, осталось ~4.9 ч | диск 28.6 ГБ
[2026-08-11 18:19:09 UTC] 419/8147 | ETHUSDT 2026-08-05: +2880 свечей (прогнозов ждало 11) | всего +1062726 | темп 1584 окон/ч, осталось ~4.9 ч | диск 28.6 ГБ
[2026-08-11 18:19:11 UTC] 420/8147 | BNBUSDT 2026-08-05: +2880 свечей (прогнозов ждало 19) | всего +1065606 | темп 1584 окон/ч, осталось ~4.9 ч | диск 28.6 ГБ
[2026-08-11 18:19:13 UTC] 421/8147 | ADAUSDT 2026-08-05: +2880 свечей (прогнозов ждало 40) | всего +1068486 | темп 1584 окон/ч, осталось ~4.9 ч | диск 28.6 ГБ
[2026-08-11 18:19:16 UTC] 422/8147 | SOLUSDT 2026-08-05: +2880 свечей (прогнозов ждало 72) | всего +1071366 | темп 1583 окон/ч, осталось ~4.9 ч | диск 28.6 ГБ
[2026-08-11 18:19:18 UTC] 423/8147 | DOTUSDT 2026-08-05: +2880 свечей (прогнозов ждало 5) | всего +1074246 | темп 1583 окон/ч, осталось ~4.9 ч | диск 28.6 ГБ
[2026-08-11 18:19:21 UTC] 424/8147 | DOGEUSDT 2026-08-05: +2880 свечей (прогнозов ждало 14) | всего +1077126 | темп 1583 окон/ч, осталось ~4.9 ч | диск 28.6 ГБ
[2026-08-11 18:19:23 UTC] 425/8147 | XRPUSDT 2026-08-05: +2880 свечей (прогнозов ждало 24) | всего +1080006 | темп 1582 окон/ч, осталось ~4.9 ч | диск 28.6 ГБ
[2026-08-11 18:19:26 UTC] 426/8147 | LTCUSDT 2026-08-05: +2880 свечей (прогнозов ждало 3) | всего +1082886 | темп 1582 окон/ч, осталось ~4.9 ч | диск 28.6 ГБ
[2026-08-11 18:19:28 UTC] 427/8147 | LINKUSDT 2026-08-05: +2880 свечей (прогнозов ждало 8) | всего +1085766 | темп 1582 окон/ч, осталось ~4.9 ч | диск 28.6 ГБ
[2026-08-11 18:19:31 UTC] 428/8147 | AVAXUSDT 2026-08-05: +2880 свечей (прогнозов ждало 13) | всего +1088646 | темп 1581 окон/ч, осталось ~4.9 ч | диск 28.6 ГБ
[2026-08-11 18:19:33 UTC] 429/8147 | ATOMUSDT 2026-08-05: +2880 свечей (прогнозов ждало 8) | всего +1091526 | темп 1581 окон/ч, осталось ~4.9 ч | диск 28.6 ГБ
[2026-08-11 18:19:36 UTC] 430/8147 | NEARUSDT 2026-08-05: +2880 свечей (прогнозов ждало 9) | всего +1094406 | темп 1581 окон/ч, осталось ~4.9 ч | диск 28.6 ГБ
[2026-08-11 18:19:38 UTC] 431/8147 | XLMUSDT 2026-08-05: +2880 свечей (прогнозов ждало 13) | всего +1097286 | темп 1581 окон/ч, осталось ~4.9 ч | диск 28.6 ГБ
[2026-08-11 18:19:40 UTC] 432/8147 | ALGOUSDT 2026-08-05: +2880 свечей (прогнозов ждало 5) | всего +1100166 | темп 1581 окон/ч, осталось ~4.9 ч | диск 28.6 ГБ
[2026-08-11 18:19:43 UTC] 433/8147 | CRVUSDT 2026-08-05: +2880 свечей (прогнозов ждало 1) | всего +1103046 | темп 1581 окон/ч, осталось ~4.9 ч | диск 28.6 ГБ
[2026-08-11 18:19:45 UTC] 434/8147 | XTZUSDT 2026-08-05: +2880 свечей (прогнозов ждало 2) | всего +1105926 | темп 1581 окон/ч, осталось ~4.9 ч | диск 28.6 ГБ
[2026-08-11 18:19:47 UTC] 435/8147 | ENJUSDT 2026-08-05: +2880 свечей (прогнозов ждало 1) | всего +1108806 | темп 1581 окон/ч, осталось ~4.9 ч | диск 28.6 ГБ
[2026-08-11 18:19:49 UTC] 436/8147 | PENGUUSDT 2026-08-05: +2880 свечей (прогнозов ждало 3) | всего +1111686 | темп 1581 окон/ч, осталось ~4.9 ч | диск 28.6 ГБ
[2026-08-11 18:19:52 UTC] 437/8147 | ARUSDT 2026-08-05: +2880 свечей (прогнозов ждало 2) | всего +1114566 | темп 1580 окон/ч, осталось ~4.9 ч | диск 28.6 ГБ
[2026-08-11 18:19:54 UTC] 438/8147 | WLDUSDT 2026-08-05: +2880 свечей (прогнозов ждало 3) | всего +1117446 | темп 1580 окон/ч, осталось ~4.9 ч | диск 28.6 ГБ
[2026-08-11 18:19:58 UTC] 440/8147 | SNXUSDT 2026-08-05: +2880 свечей (прогнозов ждало 1) | всего +1121766 | темп 1582 окон/ч, осталось ~4.9 ч | диск 28.6 ГБ
[2026-08-11 18:20:01 UTC] 441/8147 | ZROUSDT 2026-08-05: +2880 свечей (прогнозов ждало 3) | всего +1124646 | темп 1581 окон/ч, осталось ~4.9 ч | диск 28.6 ГБ
[2026-08-11 18:20:06 UTC] 443/8147 | WLFIUSDT 2026-08-05: +2880 свечей (прогнозов ждало 5) | всего +1128966 | темп 1580 окон/ч, осталось ~4.9 ч | диск 28.6 ГБ
[2026-08-11 18:20:10 UTC] 445/8147 | ENAUSDT 2026-08-05: +2880 свечей (прогнозов ждало 7) | всего +1133286 | темп 1580 окон/ч, осталось ~4.9 ч | диск 28.6 ГБ
[2026-08-11 18:20:13 UTC] 447/8147 | IMXUSDT 2026-08-05: +2880 свечей (прогнозов ждало 2) | всего +1136166 | темп 1582 окон/ч, осталось ~4.9 ч | диск 28.6 ГБ
[2026-08-11 18:20:16 UTC] 448/8147 | ASTERUSDT 2026-08-05: +2880 свечей (прогнозов ждало 1) | всего +1139046 | темп 1582 окон/ч, осталось ~4.9 ч | диск 28.6 ГБ
[2026-08-11 18:20:18 UTC] 449/8147 | FIDAUSDT 2026-08-05: +2880 свечей (прогнозов ждало 7) | всего +1141926 | темп 1582 окон/ч, осталось ~4.9 ч | диск 28.6 ГБ
[2026-08-11 18:20:20 UTC] 450/8147 | RVNUSDT 2026-08-05: +2880 свечей (прогнозов ждало 1) | всего +1144806 | темп 1582 окон/ч, осталось ~4.9 ч | диск 28.6 ГБ
[2026-08-11 18:20:23 UTC] 451/8147 | UNIUSDT 2026-08-05: +2880 свечей (прогнозов ждало 16) | всего +1147686 | темп 1581 окон/ч, осталось ~4.9 ч | диск 28.6 ГБ
[2026-08-11 18:20:26 UTC] 452/8147 | BICOUSDT 2026-08-05: +2880 свечей (прогнозов ждало 20) | всего +1150566 | темп 1581 окон/ч, осталось ~4.9 ч | диск 28.5 ГБ
[2026-08-11 18:20:29 UTC] 453/8147 | APTUSDT 2026-08-05: +2880 свечей (прогнозов ждало 9) | всего +1153446 | темп 1580 окон/ч, осталось ~4.9 ч | диск 28.5 ГБ
[2026-08-11 18:20:31 UTC] 454/8147 | HBARUSDT 2026-08-05: +2880 свечей (прогнозов ждало 3) | всего +1156326 | темп 1580 окон/ч, осталось ~4.9 ч | диск 28.5 ГБ
[2026-08-11 18:20:33 UTC] 455/8147 | MEMEUSDT 2026-08-05: +2880 свечей (прогнозов ждало 1) | всего +1159206 | темп 1579 окон/ч, осталось ~4.9 ч | диск 28.5 ГБ
[2026-08-11 18:20:36 UTC] 456/8147 | SUIUSDT 2026-08-05: +2880 свечей (прогнозов ждало 4) | всего +1162086 | темп 1579 окон/ч, осталось ~4.9 ч | диск 28.5 ГБ
[2026-08-11 18:20:38 UTC] 457/8147 | JASMYUSDT 2026-08-05: +2880 свечей (прогнозов ждало 3) | всего +1164966 | темп 1579 окон/ч, осталось ~4.9 ч | диск 28.5 ГБ
[2026-08-11 18:20:41 UTC] 458/8147 | AAVEUSDT 2026-08-05: +2880 свечей (прогнозов ждало 6) | всего +1167846 | темп 1579 окон/ч, осталось ~4.9 ч | диск 28.5 ГБ
[2026-08-11 18:20:43 UTC] 459/8147 | KASUSDT 2026-08-05: +2880 свечей (прогнозов ждало 4) | всего +1170726 | темп 1579 окон/ч, осталось ~4.9 ч | диск 28.5 ГБ
[2026-08-11 18:20:45 UTC] 460/8147 | WIFUSDT 2026-08-05: +2880 свечей (прогнозов ждало 7) | всего +1173606 | темп 1579 окон/ч, осталось ~4.9 ч | диск 28.5 ГБ
[2026-08-11 18:20:48 UTC] 461/8147 | ARBUSDT 2026-08-05: +2880 свечей (прогнозов ждало 5) | всего +1176486 | темп 1578 окон/ч, осталось ~4.9 ч | диск 28.5 ГБ
[2026-08-11 18:20:51 UTC] 462/8147 | GRASSUSDT 2026-08-05: +2880 свечей (прогнозов ждало 2) | всего +1179366 | темп 1577 окон/ч, осталось ~4.9 ч | диск 28.5 ГБ
[2026-08-11 18:20:53 UTC] 463/8147 | LDOUSDT 2026-08-05: +2880 свечей (прогнозов ждало 8) | всего +1182246 | темп 1577 окон/ч, осталось ~4.9 ч | диск 28.5 ГБ
[2026-08-11 18:20:56 UTC] 464/8147 | BCHUSDT 2026-08-05: +2880 свечей (прогнозов ждало 1) | всего +1185126 | темп 1577 окон/ч, осталось ~4.9 ч | диск 28.5 ГБ
[2026-08-11 18:20:58 UTC] 465/8147 | ZORAUSDT 2026-08-05: +2880 свечей (прогнозов ждало 1) | всего +1188006 | темп 1577 окон/ч, осталось ~4.9 ч | диск 28.5 ГБ
[2026-08-11 18:21:01 UTC] 466/8147 | STRKUSDT 2026-08-05: +2880 свечей (прогнозов ждало 3) | всего +1190886 | темп 1576 окон/ч, осталось ~4.9 ч | диск 28.5 ГБ
[2026-08-11 18:21:04 UTC] 467/8147 | ICNTUSDT 2026-08-05: +2880 свечей (прогнозов ждало 3) | всего +1193766 | темп 1575 окон/ч, осталось ~4.9 ч | диск 28.5 ГБ
[2026-08-11 18:21:06 UTC] 468/8147 | HUSDT 2026-08-05: +2880 свечей (прогнозов ждало 1) | всего +1196646 | темп 1575 окон/ч, осталось ~4.9 ч | диск 28.5 ГБ
[2026-08-11 18:21:09 UTC] 469/8147 | EIGENUSDT 2026-08-05: +2880 свечей (прогнозов ждало 2) | всего +1199526 | темп 1574 окон/ч, осталось ~4.9 ч | диск 28.5 ГБ
[2026-08-11 18:21:12 UTC] 470/8147 | HOMEUSDT 2026-08-05: +2880 свечей (прогнозов ждало 13) | всего +1202406 | темп 1574 окон/ч, осталось ~4.9 ч | диск 28.5 ГБ
[2026-08-11 18:21:14 UTC] 471/8147 | FILUSDT 2026-08-05: +2880 свечей (прогнозов ждало 3) | всего +1205286 | темп 1574 окон/ч, осталось ~4.9 ч | диск 28.5 ГБ
[2026-08-11 18:21:16 UTC] 472/8147 | TRUMPUSDT 2026-08-05: +2880 свечей (прогнозов ждало 2) | всего +1208166 | темп 1573 окон/ч, осталось ~4.9 ч | диск 28.5 ГБ
[2026-08-11 18:21:19 UTC] 473/8147 | HYPEUSDT 2026-08-05: +2880 свечей (прогнозов ждало 17) | всего +1211046 | темп 1573 окон/ч, осталось ~4.9 ч | диск 28.5 ГБ
[2026-08-11 18:21:21 UTC] 474/8147 | JUPUSDT 2026-08-05: +2880 свечей (прогнозов ждало 1) | всего +1213926 | темп 1573 окон/ч, осталось ~4.9 ч | диск 28.5 ГБ
[2026-08-11 18:21:23 UTC] 475/8147 | RENDERUSDT 2026-08-05: +2880 свечей (прогнозов ждало 6) | всего +1216806 | темп 1573 окон/ч, осталось ~4.9 ч | диск 28.5 ГБ
[2026-08-11 18:21:26 UTC] 476/8147 | ONDOUSDT 2026-08-05: +2880 свечей (прогнозов ждало 4) | всего +1219686 | темп 1573 окон/ч, осталось ~4.9 ч | диск 28.5 ГБ
[2026-08-11 18:21:28 UTC] 477/8147 | POLUSDT 2026-08-05: +2880 свечей (прогнозов ждало 4) | всего +1222566 | темп 1573 окон/ч, осталось ~4.9 ч | диск 28.5 ГБ
[2026-08-11 18:21:31 UTC] 478/8147 | CAKEUSDT 2026-08-05: +2880 свечей (прогнозов ждало 1) | всего +1225446 | темп 1572 окон/ч, осталось ~4.9 ч | диск 28.5 ГБ
[2026-08-11 18:21:33 UTC] 479/8147 | OPUSDT 2026-08-05: +2880 свечей (прогнозов ждало 8) | всего +1228326 | темп 1572 окон/ч, осталось ~4.9 ч | диск 28.5 ГБ
[2026-08-11 18:21:36 UTC] 480/8147 | WUSDT 2026-08-05: +2880 свечей (прогнозов ждало 1) | всего +1231206 | темп 1571 окон/ч, осталось ~4.9 ч | диск 28.5 ГБ
[2026-08-11 18:21:39 UTC] 481/8147 | ETHFIUSDT 2026-08-05: +2880 свечей (прогнозов ждало 1) | всего +1234086 | темп 1571 окон/ч, осталось ~4.9 ч | диск 28.5 ГБ
[2026-08-11 18:21:42 UTC] 482/8147 | CYBERUSDT 2026-08-05: +2880 свечей (прогнозов ждало 1) | всего +1236966 | темп 1570 окон/ч, осталось ~4.9 ч | диск 28.5 ГБ
[2026-08-11 18:21:44 UTC] 483/8147 | CATIUSDT 2026-08-05: +2880 свечей (прогнозов ждало 1) | всего +1239846 | темп 1570 окон/ч, осталось ~4.9 ч | диск 28.5 ГБ
[2026-08-11 18:21:47 UTC] 484/8147 | INJUSDT 2026-08-05: +2880 свечей (прогнозов ждало 10) | всего +1242726 | темп 1569 окон/ч, осталось ~4.9 ч | диск 28.5 ГБ
[2026-08-11 18:21:50 UTC] 486/8147 | MMTUSDT 2026-08-05: +2880 свечей (прогнозов ждало 3) | всего +1245606 | темп 1571 окон/ч, осталось ~4.9 ч | диск 28.5 ГБ
[2026-08-11 18:21:52 UTC] 487/8147 | SSVUSDT 2026-08-05: +2880 свечей (прогнозов ждало 2) | всего +1248486 | темп 1571 окон/ч, осталось ~4.9 ч | диск 28.5 ГБ
[2026-08-11 18:21:55 UTC] 488/8147 | CHZUSDT 2026-08-05: +2880 свечей (прогнозов ждало 1) | всего +1251366 | темп 1571 окон/ч, осталось ~4.9 ч | диск 28.4 ГБ
[2026-08-11 18:21:57 UTC] 489/8147 | ROSEUSDT 2026-08-05: +2880 свечей (прогнозов ждало 2) | всего +1254246 | темп 1571 окон/ч, осталось ~4.9 ч | диск 28.4 ГБ
[2026-08-11 18:21:59 UTC] 490/8147 | BATUSDT 2026-08-05: +2880 свечей (прогнозов ждало 8) | всего +1257126 | темп 1571 окон/ч, осталось ~4.9 ч | диск 28.4 ГБ
[2026-08-11 18:22:03 UTC] 491/8147 | TACUSDT 2026-08-05: +2880 свечей (прогнозов ждало 2) | всего +1260006 | темп 1569 окон/ч, осталось ~4.9 ч | диск 28.4 ГБ
[2026-08-11 18:22:05 UTC] 492/8147 | BANDUSDT 2026-08-05: +2880 свечей (прогнозов ждало 1) | всего +1262886 | темп 1569 окон/ч, осталось ~4.9 ч | диск 28.4 ГБ
[2026-08-11 18:22:08 UTC] 493/8147 | TRXUSDT 2026-08-05: +2880 свечей (прогнозов ждало 8) | всего +1265766 | темп 1569 окон/ч, осталось ~4.9 ч | диск 28.4 ГБ
[2026-08-11 18:22:11 UTC] 494/8147 | COTIUSDT 2026-08-05: +2880 свечей (прогнозов ждало 10) | всего +1268646 | темп 1568 окон/ч, осталось ~4.9 ч | диск 28.4 ГБ
[2026-08-11 18:22:14 UTC] 495/8147 | VELVETUSDT 2026-08-05: +2880 свечей (прогнозов ждало 3) | всего +1271526 | темп 1567 окон/ч, осталось ~4.9 ч | диск 28.4 ГБ
[2026-08-11 18:22:16 UTC] 496/8147 | MAGICUSDT 2026-08-05: +2880 свечей (прогнозов ждало 1) | всего +1274406 | темп 1566 окон/ч, осталось ~4.9 ч | диск 28.4 ГБ
[2026-08-11 18:22:21 UTC] 499/8147 | ALICEUSDT 2026-08-05: +2880 свечей (прогнозов ждало 1) | всего +1278726 | темп 1569 окон/ч, осталось ~4.9 ч | диск 28.4 ГБ
[2026-08-11 18:22:23 UTC] 500/8147 | ONEUSDT 2026-08-05: +1440 свечей (прогнозов ждало 3) | всего +1280166 | темп 1570 окон/ч, осталось ~4.9 ч | диск 28.4 ГБ
[2026-08-11 18:22:25 UTC] 501/8147 | SEIUSDT 2026-08-05: +2880 свечей (прогнозов ждало 3) | всего +1283046 | темп 1570 окон/ч, осталось ~4.9 ч | диск 28.4 ГБ
[2026-08-11 18:22:28 UTC] 503/8147 | TLMUSDT 2026-08-05: +2880 свечей (прогнозов ждало 2) | всего +1285926 | темп 1572 окон/ч, осталось ~4.9 ч | диск 28.4 ГБ
[2026-08-11 18:22:32 UTC] 505/8147 | PENDLEUSDT 2026-08-05: +2880 свечей (прогнозов ждало 7) | всего +1290246 | темп 1573 окон/ч, осталось ~4.9 ч | диск 28.4 ГБ
[2026-08-11 18:22:34 UTC] 506/8147 | ORDIUSDT 2026-08-05: +2880 свечей (прогнозов ждало 6) | всего +1293126 | темп 1573 окон/ч, осталось ~4.9 ч | диск 28.4 ГБ
[2026-08-11 18:22:37 UTC] 507/8147 | TIAUSDT 2026-08-05: +2880 свечей (прогнозов ждало 12) | всего +1296006 | темп 1573 окон/ч, осталось ~4.9 ч | диск 28.4 ГБ
[2026-08-11 18:22:42 UTC] 510/8147 | ONTUSDT 2026-08-05: +2880 свечей (прогнозов ждало 2) | всего +1301766 | темп 1575 окон/ч, осталось ~4.8 ч | диск 28.4 ГБ
[2026-08-11 18:22:45 UTC] 511/8147 | FARTCOINUSDT 2026-08-05: +2880 свечей (прогнозов ждало 1) | всего +1304646 | темп 1575 окон/ч, осталось ~4.8 ч | диск 28.4 ГБ
[2026-08-11 18:22:47 UTC] 512/8147 | WAXPUSDT 2026-08-05: +2880 свечей (прогнозов ждало 1) | всего +1307526 | темп 1575 окон/ч, осталось ~4.8 ч | диск 28.4 ГБ
[2026-08-11 18:22:49 UTC] 513/8147 | MOVEUSDT 2026-08-05: +2880 свечей (прогнозов ждало 1) | всего +1310406 | темп 1575 окон/ч, осталось ~4.8 ч | диск 28.4 ГБ
[2026-08-11 18:22:51 UTC] 514/8147 | FFUSDT 2026-08-05: +2880 свечей (прогнозов ждало 1) | всего +1313286 | темп 1575 окон/ч, осталось ~4.8 ч | диск 28.4 ГБ
[2026-08-11 18:22:54 UTC] 515/8147 | SUSHIUSDT 2026-08-05: +2880 свечей (прогнозов ждало 1) | всего +1316166 | темп 1575 окон/ч, осталось ~4.8 ч | диск 28.4 ГБ
[2026-08-11 18:22:57 UTC] 516/8147 | OGNUSDT 2026-08-05: +2880 свечей (прогнозов ждало 1) | всего +1319046 | темп 1574 окон/ч, осталось ~4.8 ч | диск 28.4 ГБ
[2026-08-11 18:22:59 UTC] 517/8147 | ACTUSDT 2026-08-05: +2880 свечей (прогнозов ждало 1) | всего +1321926 | темп 1573 окон/ч, осталось ~4.8 ч | диск 28.4 ГБ
[2026-08-11 18:23:02 UTC] 518/8147 | XAUTUSDT 2026-08-05: +2880 свечей (прогнозов ждало 4) | всего +1324806 | темп 1573 окон/ч, осталось ~4.8 ч | диск 28.4 ГБ
[2026-08-11 18:23:04 UTC] 519/8147 | TAOUSDT 2026-08-05: +2880 свечей (прогнозов ждало 9) | всего +1327686 | темп 1573 окон/ч, осталось ~4.8 ч | диск 28.4 ГБ
[2026-08-11 18:23:07 UTC] 520/8147 | INUSDT 2026-08-05: +2880 свечей (прогнозов ждало 1) | всего +1330566 | темп 1573 окон/ч, осталось ~4.8 ч | диск 28.4 ГБ
[2026-08-11 18:23:09 UTC] 521/8147 | GRTUSDT 2026-08-05: +2880 свечей (прогнозов ждало 4) | всего +1333446 | темп 1572 окон/ч, осталось ~4.8 ч | диск 28.4 ГБ
[2026-08-11 18:23:12 UTC] 522/8147 | RUNEUSDT 2026-08-05: +2880 свечей (прогнозов ждало 1) | всего +1336326 | темп 1572 окон/ч, осталось ~4.9 ч | диск 28.4 ГБ
[2026-08-11 18:23:15 UTC] 523/8147 | BIGTIMEUSDT 2026-08-05: +2880 свечей (прогнозов ждало 1) | всего +1339206 | темп 1571 окон/ч, осталось ~4.9 ч | диск 28.4 ГБ
[2026-08-11 18:23:17 UTC] 524/8147 | MIRAUSDT 2026-08-05: +2880 свечей (прогнозов ждало 10) | всего +1342086 | темп 1571 окон/ч, осталось ~4.9 ч | диск 28.4 ГБ
[2026-08-11 18:23:20 UTC] 525/8147 | BSVUSDT 2026-08-05: +2880 свечей (прогнозов ждало 2) | всего +1344966 | темп 1571 окон/ч, осталось ~4.9 ч | диск 28.4 ГБ
[2026-08-11 18:23:24 UTC] 527/8147 | PAXGUSDT 2026-08-05: +2880 свечей (прогнозов ждало 14) | всего +1349286 | темп 1572 окон/ч, осталось ~4.8 ч | диск 28.4 ГБ
[2026-08-11 18:23:29 UTC] 530/8147 | SANDUSDT 2026-08-05: +2880 свечей (прогнозов ждало 1) | всего +1355046 | темп 1573 окон/ч, осталось ~4.8 ч | диск 28.4 ГБ
[2026-08-11 18:23:32 UTC] 531/8147 | JTOUSDT 2026-08-05: +2880 свечей (прогнозов ждало 1) | всего +1357926 | темп 1573 окон/ч, осталось ~4.8 ч | диск 28.4 ГБ
[2026-08-11 18:23:34 UTC] 532/8147 | NMRUSDT 2026-08-05: +2880 свечей (прогнозов ждало 1) | всего +1360806 | темп 1573 окон/ч, осталось ~4.8 ч | диск 28.4 ГБ
[2026-08-11 18:23:36 UTC] 533/8147 | ERAUSDT 2026-08-05: +2880 свечей (прогнозов ждало 1) | всего +1363686 | темп 1573 окон/ч, осталось ~4.8 ч | диск 28.4 ГБ
[2026-08-11 18:23:39 UTC] 534/8147 | KITEUSDT 2026-08-05: +2880 свечей (прогнозов ждало 1) | всего +1366566 | темп 1573 окон/ч, осталось ~4.8 ч | диск 28.4 ГБ
[2026-08-11 18:23:41 UTC] 535/8147 | FORMUSDT 2026-08-05: +2880 свечей (прогнозов ждало 1) | всего +1369446 | темп 1572 окон/ч, осталось ~4.8 ч | диск 28.3 ГБ
[2026-08-11 18:23:44 UTC] 536/8147 | BLESSUSDT 2026-08-05: +2880 свечей (прогнозов ждало 108) | всего +1372326 | темп 1572 окон/ч, осталось ~4.8 ч | диск 28.3 ГБ
[2026-08-11 18:23:46 UTC] 537/8147 | MONUSDT 2026-08-05: +2880 свечей (прогнозов ждало 3) | всего +1375206 | темп 1572 окон/ч, осталось ~4.8 ч | диск 28.3 ГБ
[2026-08-11 18:23:48 UTC] 538/8147 | ENSOUSDT 2026-08-05: +2880 свечей (прогнозов ждало 1) | всего +1378086 | темп 1572 окон/ч, осталось ~4.8 ч | диск 28.3 ГБ
[2026-08-11 18:23:51 UTC] 539/8147 | XPLUSDT 2026-08-05: +2880 свечей (прогнозов ждало 1) | всего +1380966 | темп 1572 окон/ч, осталось ~4.8 ч | диск 28.3 ГБ
[2026-08-11 18:23:53 UTC] 540/8147 | YBUSDT 2026-08-05: +2880 свечей (прогнозов ждало 1) | всего +1383846 | темп 1572 окон/ч, осталось ~4.8 ч | диск 28.3 ГБ
[2026-08-11 18:23:55 UTC] 541/8147 | PEOPLEUSDT 2026-08-05: +2880 свечей (прогнозов ждало 1) | всего +1386726 | темп 1572 окон/ч, осталось ~4.8 ч | диск 28.3 ГБ
[2026-08-11 18:23:58 UTC] 542/8147 | ZILUSDT 2026-08-05: +2880 свечей (прогнозов ждало 12) | всего +1389606 | темп 1572 окон/ч, осталось ~4.8 ч | диск 28.3 ГБ
[2026-08-11 18:24:00 UTC] 543/8147 | SIGNUSDT 2026-08-05: +2880 свечей (прогнозов ждало 1) | всего +1392486 | темп 1572 окон/ч, осталось ~4.8 ч | диск 28.3 ГБ
[2026-08-11 18:24:02 UTC] 544/8147 | SAHARAUSDT 2026-08-05: +2880 свечей (прогнозов ждало 1) | всего +1395366 | темп 1572 окон/ч, осталось ~4.8 ч | диск 28.3 ГБ
[2026-08-11 18:24:06 UTC] 545/8147 | THETAUSDT 2026-08-05: +2880 свечей (прогнозов ждало 7) | всего +1398246 | темп 1571 окон/ч, осталось ~4.8 ч | диск 28.3 ГБ
[2026-08-11 18:24:08 UTC] 546/8147 | BRUSDT 2026-08-05: +2880 свечей (прогнозов ждало 1) | всего +1401126 | темп 1570 окон/ч, осталось ~4.8 ч | диск 28.3 ГБ
[2026-08-11 18:24:13 UTC] 548/8147 | CCUSDT 2026-08-05: +2880 свечей (прогнозов ждало 1) | всего +1405446 | темп 1570 окон/ч, осталось ~4.8 ч | диск 28.3 ГБ
[2026-08-11 18:24:15 UTC] 549/8147 | AVNTUSDT 2026-08-05: +2880 свечей (прогнозов ждало 2) | всего +1408326 | темп 1570 окон/ч, осталось ~4.8 ч | диск 28.3 ГБ
[2026-08-11 18:24:18 UTC] 550/8147 | ZBTUSDT 2026-08-05: +2880 свечей (прогнозов ждало 6) | всего +1411206 | темп 1570 окон/ч, осталось ~4.8 ч | диск 28.3 ГБ
[2026-08-11 18:24:21 UTC] 551/8147 | PYTHUSDT 2026-08-05: +2880 свечей (прогнозов ждало 3) | всего +1414086 | темп 1569 окон/ч, осталось ~4.8 ч | диск 28.3 ГБ
[2026-08-11 18:24:23 UTC] 552/8147 | SPKUSDT 2026-08-05: +2880 свечей (прогнозов ждало 1) | всего +1416966 | темп 1569 окон/ч, осталось ~4.8 ч | диск 28.3 ГБ
[2026-08-11 18:24:25 UTC] 553/8147 | LABUSDT 2026-08-05: +2880 свечей (прогнозов ждало 3) | всего +1419846 | темп 1569 окон/ч, осталось ~4.8 ч | диск 28.3 ГБ
[2026-08-11 18:24:28 UTC] 554/8147 | ZECUSDT 2026-08-05: +2880 свечей (прогнозов ждало 30) | всего +1422726 | темп 1569 окон/ч, осталось ~4.8 ч | диск 28.3 ГБ
[2026-08-11 18:24:30 UTC] 555/8147 | MAVUSDT 2026-08-05: +2880 свечей (прогнозов ждало 1) | всего +1425606 | темп 1568 окон/ч, осталось ~4.8 ч | диск 28.3 ГБ
[2026-08-11 18:24:35 UTC] 557/8147 | ACEUSDT 2026-08-05: +2880 свечей (прогнозов ждало 1) | всего +1429926 | темп 1569 окон/ч, осталось ~4.8 ч | диск 28.3 ГБ
[2026-08-11 18:24:40 UTC] 560/8147 | ARIAUSDT 2026-08-05: +2880 свечей (прогнозов ждало 2) | всего +1435686 | темп 1570 окон/ч, осталось ~4.8 ч | диск 28.3 ГБ
[2026-08-11 18:24:43 UTC] 561/8147 | ALLOUSDT 2026-08-05: +2880 свечей (прогнозов ждало 5) | всего +1438566 | темп 1570 окон/ч, осталось ~4.8 ч | диск 28.3 ГБ
[2026-08-11 18:24:45 UTC] 562/8147 | API3USDT 2026-08-05: +2880 свечей (прогнозов ждало 2) | всего +1441446 | темп 1570 окон/ч, осталось ~4.8 ч | диск 28.3 ГБ
[2026-08-11 18:24:47 UTC] 563/8147 | RSRUSDT 2026-08-05: +2880 свечей (прогнозов ждало 2) | всего +1444326 | темп 1570 окон/ч, осталось ~4.8 ч | диск 28.3 ГБ
[2026-08-11 18:24:50 UTC] 564/8147 | QUSDT 2026-08-05: +2880 свечей (прогнозов ждало 3) | всего +1447206 | темп 1569 окон/ч, осталось ~4.8 ч | диск 28.3 ГБ
[2026-08-11 18:24:53 UTC] 565/8147 | ESPORTSUSDT 2026-08-05: +2880 свечей (прогнозов ждало 8) | всего +1450086 | темп 1569 окон/ч, осталось ~4.8 ч | диск 28.3 ГБ
[2026-08-11 18:24:55 UTC] 566/8147 | NEOUSDT 2026-08-05: +2880 свечей (прогнозов ждало 1) | всего +1452966 | темп 1569 окон/ч, осталось ~4.8 ч | диск 28.3 ГБ
[2026-08-11 18:24:57 UTC] 567/8147 | OGUSDT 2026-08-05: +2880 свечей (прогнозов ждало 1) | всего +1455846 | темп 1569 окон/ч, осталось ~4.8 ч | диск 28.3 ГБ
[2026-08-11 18:25:00 UTC] 568/8147 | UAIUSDT 2026-08-05: +2880 свечей (прогнозов ждало 11) | всего +1458726 | темп 1569 окон/ч, осталось ~4.8 ч | диск 28.3 ГБ
[2026-08-11 18:25:09 UTC] 572/8147 | STOUSDT 2026-08-05: +2880 свечей (прогнозов ждало 2) | всего +1465926 | темп 1569 окон/ч, осталось ~4.8 ч | диск 28.3 ГБ
[2026-08-11 18:25:12 UTC] 573/8147 | KNCUSDT 2026-08-05: +2880 свечей (прогнозов ждало 2) | всего +1468806 | темп 1568 окон/ч, осталось ~4.8 ч | диск 28.3 ГБ
[2026-08-11 18:25:14 UTC] 574/8147 | USUSDT 2026-08-05: +2880 свечей (прогнозов ждало 1) | всего +1471686 | темп 1568 окон/ч, осталось ~4.8 ч | диск 28.3 ГБ
[2026-08-11 18:25:16 UTC] 575/8147 | BANKUSDT 2026-08-05: +2880 свечей (прогнозов ждало 29) | всего +1474566 | темп 1568 окон/ч, осталось ~4.8 ч | диск 28.3 ГБ
[2026-08-11 18:25:20 UTC] 577/8147 | MYXUSDT 2026-08-05: +2880 свечей (прогнозов ждало 2) | всего +1478886 | темп 1569 окон/ч, осталось ~4.8 ч | диск 28.3 ГБ
[2026-08-11 18:25:23 UTC] 578/8147 | AIOUSDT 2026-08-05: +2880 свечей (прогнозов ждало 2) | всего +1481766 | темп 1569 окон/ч, осталось ~4.8 ч | диск 28.2 ГБ
[2026-08-11 18:25:25 UTC] 579/8147 | KAITOUSDT 2026-08-05: +2880 свечей (прогнозов ждало 11) | всего +1484646 | темп 1569 окон/ч, осталось ~4.8 ч | диск 28.2 ГБ
[2026-08-11 18:25:27 UTC] 580/8147 | CYSUSDT 2026-08-05: +2880 свечей (прогнозов ждало 35) | всего +1487526 | темп 1569 окон/ч, осталось ~4.8 ч | диск 28.2 ГБ
[2026-08-11 18:25:30 UTC] 582/8147 | MAGMAUSDT 2026-08-05: +2880 свечей (прогнозов ждало 1) | всего +1490406 | темп 1571 окон/ч, осталось ~4.8 ч | диск 28.2 ГБ
[2026-08-11 18:25:33 UTC] 583/8147 | XPINUSDT 2026-08-05: +2880 свечей (прогнозов ждало 1) | всего +1493286 | темп 1571 окон/ч, осталось ~4.8 ч | диск 28.2 ГБ
[2026-08-11 18:25:35 UTC] 584/8147 | BEATUSDT 2026-08-05: +2880 свечей (прогнозов ждало 2) | всего +1496166 | темп 1570 окон/ч, осталось ~4.8 ч | диск 28.2 ГБ
[2026-08-11 18:25:38 UTC] 585/8147 | UBUSDT 2026-08-05: +2880 свечей (прогнозов ждало 37) | всего +1499046 | темп 1570 окон/ч, осталось ~4.8 ч | диск 28.2 ГБ
[2026-08-11 18:25:40 UTC] 586/8147 | LUMIAUSDT 2026-08-05: +2880 свечей (прогнозов ждало 2) | всего +1501926 | темп 1570 окон/ч, осталось ~4.8 ч | диск 28.2 ГБ
[2026-08-11 18:25:42 UTC] 587/8147 | XMRUSDT 2026-08-05: +2880 свечей (прогнозов ждало 11) | всего +1504806 | темп 1570 окон/ч, осталось ~4.8 ч | диск 28.2 ГБ
[2026-08-11 18:25:45 UTC] 588/8147 | CRCLUSDT 2026-08-05: +2880 свечей (прогнозов ждало 6) | всего +1507686 | темп 1570 окон/ч, осталось ~4.8 ч | диск 28.2 ГБ
[2026-08-11 18:25:47 UTC] 589/8147 | EPICUSDT 2026-08-05: +2880 свечей (прогнозов ждало 8) | всего +1510566 | темп 1570 окон/ч, осталось ~4.8 ч | диск 28.2 ГБ
[2026-08-11 18:25:49 UTC] 590/8147 | B2USDT 2026-08-05: +2880 свечей (прогнозов ждало 2) | всего +1513446 | темп 1570 окон/ч, осталось ~4.8 ч | диск 28.2 ГБ
[2026-08-11 18:25:52 UTC] 591/8147 | GIGGLEUSDT 2026-08-05: +2880 свечей (прогнозов ждало 4) | всего +1516326 | темп 1570 окон/ч, осталось ~4.8 ч | диск 28.2 ГБ
[2026-08-11 18:25:54 UTC] 592/8147 | OPENUSDT 2026-08-05: +2880 свечей (прогнозов ждало 4) | всего +1519206 | темп 1570 окон/ч, осталось ~4.8 ч | диск 28.2 ГБ
[2026-08-11 18:25:57 UTC] 593/8147 | SIRENUSDT 2026-08-05: +2880 свечей (прогнозов ждало 1) | всего +1522086 | темп 1569 окон/ч, осталось ~4.8 ч | диск 28.2 ГБ
[2026-08-11 18:25:59 UTC] 594/8147 | IOTAUSDT 2026-08-05: +2880 свечей (прогнозов ждало 1) | всего +1524966 | темп 1569 окон/ч, осталось ~4.8 ч | диск 28.2 ГБ
[2026-08-11 18:26:04 UTC] 597/8147 | METAUSDT 2026-08-05: +2880 свечей (прогнозов ждало 1) | всего +1529286 | темп 1572 окон/ч, осталось ~4.8 ч | диск 28.2 ГБ
[2026-08-11 18:26:07 UTC] 598/8147 | AAPLUSDT 2026-08-05: +2880 свечей (прогнозов ждало 1) | всего +1532166 | темп 1571 окон/ч, осталось ~4.8 ч | диск 28.2 ГБ
